Archive member included to satisfy reference by file (symbol)

/usr/lib/gcc/arm-none-eabi/14.2.0/../../../../arm-none-eabi/lib/thumb/v7e-m+fp/hard/libc_nano.a(libc_a-atexit.o)
                              /usr/lib/gcc/arm-none-eabi/14.2.0/../../../../arm-none-eabi/lib/thumb/v7e-m+fp/hard/crt0.o (atexit)
/usr/lib/gcc/arm-none-eabi/14.2.0/../../../../arm-none-eabi/lib/thumb/v7e-m+fp/hard/libc_nano.a(libc_a-exit.o)
                              /usr/lib/gcc/arm-none-eabi/14.2.0/../../../../arm-none-eabi/lib/thumb/v7e-m+fp/hard/crt0.o (exit)
/usr/lib/gcc/arm-none-eabi/14.2.0/../../../../arm-none-eabi/lib/thumb/v7e-m+fp/hard/libc_nano.a(libc_a-findfp.o)
                              /usr/lib/gcc/arm-none-eabi/14.2.0/../../../../arm-none-eabi/lib/thumb/v7e-m+fp/hard/libc_nano.a(libc_a-exit.o) (__stdio_exit_handler)
/usr/lib/gcc/arm-none-eabi/14.2.0/../../../../arm-none-eabi/lib/thumb/v7e-m+fp/hard/libc_nano.a(libc_a-fwalk.o)
                              /usr/lib/gcc/arm-none-eabi/14.2.0/../../../../arm-none-eabi/lib/thumb/v7e-m+fp/hard/libc_nano.a(libc_a-findfp.o) (_fwalk_sglue)
/usr/lib/gcc/arm-none-eabi/14.2.0/../../../../arm-none-eabi/lib/thumb/v7e-m+fp/hard/libc_nano.a(libc_a-stdio.o)
                              /usr/lib/gcc/arm-none-eabi/14.2.0/../../../../arm-none-eabi/lib/thumb/v7e-m+fp/hard/libc_nano.a(libc_a-findfp.o) (__sread)
/usr/lib/gcc/arm-none-eabi/14.2.0/../../../../arm-none-eabi/lib/thumb/v7e-m+fp/hard/libc_nano.a(libc_a-memset.o)
                              /usr/lib/gcc/arm-none-eabi/14.2.0/../../../../arm-none-eabi/lib/thumb/v7e-m+fp/hard/crt0.o (memset)
/usr/lib/gcc/arm-none-eabi/14.2.0/../../../../arm-none-eabi/lib/thumb/v7e-m+fp/hard/libc_nano.a(libc_a-closer.o)
                              /usr/lib/gcc/arm-none-eabi/14.2.0/../../../../arm-none-eabi/lib/thumb/v7e-m+fp/hard/libc_nano.a(libc_a-stdio.o) (_close_r)
/usr/lib/gcc/arm-none-eabi/14.2.0/../../../../arm-none-eabi/lib/thumb/v7e-m+fp/hard/libc_nano.a(libc_a-reent.o)
                              /usr/lib/gcc/arm-none-eabi/14.2.0/../../../../arm-none-eabi/lib/thumb/v7e-m+fp/hard/libc_nano.a(libc_a-closer.o) (errno)
/usr/lib/gcc/arm-none-eabi/14.2.0/../../../../arm-none-eabi/lib/thumb/v7e-m+fp/hard/libc_nano.a(libc_a-impure.o)
                              /usr/lib/gcc/arm-none-eabi/14.2.0/../../../../arm-none-eabi/lib/thumb/v7e-m+fp/hard/libc_nano.a(libc_a-reent.o) (_impure_ptr)
/usr/lib/gcc/arm-none-eabi/14.2.0/../../../../arm-none-eabi/lib/thumb/v7e-m+fp/hard/libc_nano.a(libc_a-lseekr.o)
                              /usr/lib/gcc/arm-none-eabi/14.2.0/../../../../arm-none-eabi/lib/thumb/v7e-m+fp/hard/libc_nano.a(libc_a-stdio.o) (_lseek_r)
/usr/lib/gcc/arm-none-eabi/14.2.0/../../../../arm-none-eabi/lib/thumb/v7e-m+fp/hard/libc_nano.a(libc_a-readr.o)
                              /usr/lib/gcc/arm-none-eabi/14.2.0/../../../../arm-none-eabi/lib/thumb/v7e-m+fp/hard/libc_nano.a(libc_a-stdio.o) (_read_r)
/usr/lib/gcc/arm-none-eabi/14.2.0/../../../../arm-none-eabi/lib/thumb/v7e-m+fp/hard/libc_nano.a(libc_a-writer.o)
                              /usr/lib/gcc/arm-none-eabi/14.2.0/../../../../arm-none-eabi/lib/thumb/v7e-m+fp/hard/libc_nano.a(libc_a-stdio.o) (_write_r)
/usr/lib/gcc/arm-none-eabi/14.2.0/../../../../arm-none-eabi/lib/thumb/v7e-m+fp/hard/libc_nano.a(libc_a-errno.o)
                              CMakeFiles/bldc-STM32G474CTB6.dir/Core/Src/sysmem.c.obj (__errno)
/usr/lib/gcc/arm-none-eabi/14.2.0/../../../../arm-none-eabi/lib/thumb/v7e-m+fp/hard/libc_nano.a(libc_a-init.o)
                              /usr/lib/gcc/arm-none-eabi/14.2.0/../../../../arm-none-eabi/lib/thumb/v7e-m+fp/hard/crt0.o (__libc_init_array)
/usr/lib/gcc/arm-none-eabi/14.2.0/../../../../arm-none-eabi/lib/thumb/v7e-m+fp/hard/libc_nano.a(libc_a-fini.o)
                              /usr/lib/gcc/arm-none-eabi/14.2.0/../../../../arm-none-eabi/lib/thumb/v7e-m+fp/hard/crt0.o (__libc_fini_array)
/usr/lib/gcc/arm-none-eabi/14.2.0/../../../../arm-none-eabi/lib/thumb/v7e-m+fp/hard/libc_nano.a(libc_a-lock.o)
                              /usr/lib/gcc/arm-none-eabi/14.2.0/../../../../arm-none-eabi/lib/thumb/v7e-m+fp/hard/libc_nano.a(libc_a-findfp.o) (__retarget_lock_init_recursive)
/usr/lib/gcc/arm-none-eabi/14.2.0/../../../../arm-none-eabi/lib/thumb/v7e-m+fp/hard/libc_nano.a(libc_a-memcpy-stub.o)
                              CMakeFiles/bldc-STM32G474CTB6.dir/FreeRTOS/Source/queue.c.obj (memcpy)
/usr/lib/gcc/arm-none-eabi/14.2.0/../../../../arm-none-eabi/lib/thumb/v7e-m+fp/hard/libc_nano.a(libc_a-__atexit.o)
                              /usr/lib/gcc/arm-none-eabi/14.2.0/../../../../arm-none-eabi/lib/thumb/v7e-m+fp/hard/libc_nano.a(libc_a-atexit.o) (__register_exitproc)
/usr/lib/gcc/arm-none-eabi/14.2.0/../../../../arm-none-eabi/lib/thumb/v7e-m+fp/hard/libc_nano.a(libc_a-__call_atexit.o)
                              /usr/lib/gcc/arm-none-eabi/14.2.0/../../../../arm-none-eabi/lib/thumb/v7e-m+fp/hard/libc_nano.a(libc_a-__atexit.o) (__call_exitprocs)
[...]
Memory Configuration

Name             Origin             Length             Attributes
RAM              0x20000000         0x00020000         xrw
FLASH            0x08000000         0x00020000         xr
*default*        0x00000000         0xffffffff

Linker script and memory map

LOAD /usr/lib/gcc/arm-none-eabi/14.2.0/thumb/v7e-m+fp/hard/crti.o
LOAD /usr/lib/gcc/arm-none-eabi/14.2.0/thumb/v7e-m+fp/hard/crtbegin.o
LOAD /usr/lib/gcc/arm-none-eabi/14.2.0/../../../../arm-none-eabi/lib/thumb/v7e-m+fp/hard/crt0.o
START GROUP
END GROUP
START GROUP
LOAD /usr/lib/gcc/arm-none-eabi/14.2.0/../../../../arm-none-eabi/lib/thumb/v7e-m+fp/hard/libstdc++_nano.a
LOAD /usr/lib/gcc/arm-none-eabi/14.2.0/../../../../arm-none-eabi/lib/thumb/v7e-m+fp/hard/libsupc++_nano.a
END GROUP
LOAD CMakeFiles/bldc-STM32G474CTB6.dir/src/main.cpp.obj
LOAD CMakeFiles/bldc-STM32G474CTB6.dir/Core/Src/main.c.obj
LOAD CMakeFiles/bldc-STM32G474CTB6.dir/Core/Src/gpio.c.obj
LOAD CMakeFiles/bldc-STM32G474CTB6.dir/Core/Src/app_freertos.c.obj
LOAD CMakeFiles/bldc-STM32G474CTB6.dir/Core/Src/adc.c.obj
LOAD CMakeFiles/bldc-STM32G474CTB6.dir/Core/Src/fdcan.c.obj
LOAD CMakeFiles/bldc-STM32G474CTB6.dir/Core/Src/i2c.c.obj
LOAD CMakeFiles/bldc-STM32G474CTB6.dir/Core/Src/opamp.c.obj
LOAD CMakeFiles/bldc-STM32G474CTB6.dir/Core/Src/spi.c.obj
LOAD CMakeFiles/bldc-STM32G474CTB6.dir/Core/Src/tim.c.obj
LOAD CMakeFiles/bldc-STM32G474CTB6.dir/Core/Src/usart.c.obj
LOAD CMakeFiles/bldc-STM32G474CTB6.dir/Core/Src/usb.c.obj
LOAD CMakeFiles/bldc-STM32G474CTB6.dir/Core/Src/stm32g4xx_it.c.obj
LOAD CMakeFiles/bldc-STM32G474CTB6.dir/Core/Src/stm32g4xx_hal_msp.c.obj
LOAD CMakeFiles/bldc-STM32G474CTB6.dir/Core/Src/stm32g4xx_hal_timebase_tim.c.obj
LOAD CMakeFiles/bldc-STM32G474CTB6.dir/Core/Src/sysmem.c.obj
LOAD CMakeFiles/bldc-STM32G474CTB6.dir/Core/Src/syscalls.c.obj
LOAD CMakeFiles/bldc-STM32G474CTB6.dir/STM32G4xx_HAL_Driver/Src/stm32g4xx_hal_tim.c.obj
LOAD CMakeFiles/bldc-STM32G474CTB6.dir/STM32G4xx_HAL_Driver/Src/stm32g4xx_hal_tim_ex.c.obj
LOAD CMakeFiles/bldc-STM32G474CTB6.dir/STM32G4xx_HAL_Driver/Src/stm32g4xx_hal_adc.c.obj
LOAD CMakeFiles/bldc-STM32G474CTB6.dir/STM32G4xx_HAL_Driver/Src/stm32g4xx_hal_adc_ex.c.obj
LOAD CMakeFiles/bldc-STM32G474CTB6.dir/STM32G4xx_HAL_Driver/Src/stm32g4xx_ll_adc.c.obj
LOAD CMakeFiles/bldc-STM32G474CTB6.dir/STM32G4xx_HAL_Driver/Src/stm32g4xx_hal.c.obj
LOAD CMakeFiles/bldc-STM32G474CTB6.dir/STM32G4xx_HAL_Driver/Src/stm32g4xx_hal_rcc.c.obj
LOAD CMakeFiles/bldc-STM32G474CTB6.dir/STM32G4xx_HAL_Driver/Src/stm32g4xx_hal_rcc_ex.c.obj
LOAD CMakeFiles/bldc-STM32G474CTB6.dir/STM32G4xx_HAL_Driver/Src/stm32g4xx_hal_flash.c.obj
LOAD CMakeFiles/bldc-STM32G474CTB6.dir/STM32G4xx_HAL_Driver/Src/stm32g4xx_hal_flash_ex.c.obj
LOAD CMakeFiles/bldc-STM32G474CTB6.dir/STM32G4xx_HAL_Driver/Src/stm32g4xx_hal_flash_ramfunc.c.obj
LOAD CMakeFiles/bldc-STM32G474CTB6.dir/STM32G4xx_HAL_Driver/Src/stm32g4xx_hal_gpio.c.obj
LOAD CMakeFiles/bldc-STM32G474CTB6.dir/STM32G4xx_HAL_Driver/Src/stm32g4xx_hal_exti.c.obj
LOAD CMakeFiles/bldc-STM32G474CTB6.dir/STM32G4xx_HAL_Driver/Src/stm32g4xx_hal_dma.c.obj
LOAD CMakeFiles/bldc-STM32G474CTB6.dir/STM32G4xx_HAL_Driver/Src/stm32g4xx_hal_dma_ex.c.obj
LOAD CMakeFiles/bldc-STM32G474CTB6.dir/STM32G4xx_HAL_Driver/Src/stm32g4xx_hal_pwr.c.obj
LOAD CMakeFiles/bldc-STM32G474CTB6.dir/STM32G4xx_HAL_Driver/Src/stm32g4xx_hal_pwr_ex.c.obj
LOAD CMakeFiles/bldc-STM32G474CTB6.dir/STM32G4xx_HAL_Driver/Src/stm32g4xx_hal_cortex.c.obj
LOAD CMakeFiles/bldc-STM32G474CTB6.dir/STM32G4xx_HAL_Driver/Src/stm32g4xx_hal_fdcan.c.obj
LOAD CMakeFiles/bldc-STM32G474CTB6.dir/STM32G4xx_HAL_Driver/Src/stm32g4xx_hal_i2c.c.obj
LOAD CMakeFiles/bldc-STM32G474CTB6.dir/STM32G4xx_HAL_Driver/Src/stm32g4xx_hal_i2c_ex.c.obj
LOAD CMakeFiles/bldc-STM32G474CTB6.dir/STM32G4xx_HAL_Driver/Src/stm32g4xx_hal_opamp.c.obj
LOAD CMakeFiles/bldc-STM32G474CTB6.dir/STM32G4xx_HAL_Driver/Src/stm32g4xx_hal_opamp_ex.c.obj
LOAD CMakeFiles/bldc-STM32G474CTB6.dir/STM32G4xx_HAL_Driver/Src/stm32g4xx_hal_spi.c.obj
LOAD CMakeFiles/bldc-STM32G474CTB6.dir/STM32G4xx_HAL_Driver/Src/stm32g4xx_hal_spi_ex.c.obj
LOAD CMakeFiles/bldc-STM32G474CTB6.dir/STM32G4xx_HAL_Driver/Src/stm32g4xx_hal_uart.c.obj
LOAD CMakeFiles/bldc-STM32G474CTB6.dir/STM32G4xx_HAL_Driver/Src/stm32g4xx_hal_uart_ex.c.obj
LOAD CMakeFiles/bldc-STM32G474CTB6.dir/STM32G4xx_HAL_Driver/Src/stm32g4xx_hal_pcd.c.obj
LOAD CMakeFiles/bldc-STM32G474CTB6.dir/STM32G4xx_HAL_Driver/Src/stm32g4xx_hal_pcd_ex.c.obj
LOAD CMakeFiles/bldc-STM32G474CTB6.dir/STM32G4xx_HAL_Driver/Src/stm32g4xx_ll_usb.c.obj
LOAD CMakeFiles/bldc-STM32G474CTB6.dir/FreeRTOS/Source/croutine.c.obj
LOAD CMakeFiles/bldc-STM32G474CTB6.dir/FreeRTOS/Source/event_groups.c.obj
LOAD CMakeFiles/bldc-STM32G474CTB6.dir/FreeRTOS/Source/list.c.obj
LOAD CMakeFiles/bldc-STM32G474CTB6.dir/FreeRTOS/Source/queue.c.obj
LOAD CMakeFiles/bldc-STM32G474CTB6.dir/FreeRTOS/Source/stream_buffer.c.obj
LOAD CMakeFiles/bldc-STM32G474CTB6.dir/FreeRTOS/Source/tasks.c.obj
LOAD CMakeFiles/bldc-STM32G474CTB6.dir/FreeRTOS/Source/timers.c.obj
LOAD CMakeFiles/bldc-STM32G474CTB6.dir/FreeRTOS/Source/CMSIS_RTOS_V2/cmsis_os2.c.obj
LOAD CMakeFiles/bldc-STM32G474CTB6.dir/FreeRTOS/Source/portable/MemMang/heap_4.c.obj
LOAD CMakeFiles/bldc-STM32G474CTB6.dir/FreeRTOS/Source/portable/GCC/ARM_CM4F/port.c.obj
LOAD CMakeFiles/bldc-STM32G474CTB6.dir/CMSIS/system_stm32g4xx.c.obj
LOAD CMakeFiles/bldc-STM32G474CTB6.dir/CMSIS/startup_stm32g474xx.s.obj
LOAD /usr/lib/gcc/arm-none-eabi/14.2.0/../../../../arm-none-eabi/lib/thumb/v7e-m+fp/hard/libstdc++_nano.a
LOAD /usr/lib/gcc/arm-none-eabi/14.2.0/../../../../arm-none-eabi/lib/thumb/v7e-m+fp/hard/libm.a
LOAD /usr/lib/gcc/arm-none-eabi/14.2.0/../../../../arm-none-eabi/lib/thumb/v7e-m+fp/hard/libc_nano.a
START GROUP
LOAD /usr/lib/gcc/arm-none-eabi/14.2.0/thumb/v7e-m+fp/hard/libgcc.a
LOAD /usr/lib/gcc/arm-none-eabi/14.2.0/../../../../arm-none-eabi/lib/thumb/v7e-m+fp/hard/libg_nano.a
LOAD /usr/lib/gcc/arm-none-eabi/14.2.0/../../../../arm-none-eabi/lib/thumb/v7e-m+fp/hard/libc_nano.a
END GROUP
START GROUP
LOAD /usr/lib/gcc/arm-none-eabi/14.2.0/thumb/v7e-m+fp/hard/libgcc.a
LOAD /usr/lib/gcc/arm-none-eabi/14.2.0/../../../../arm-none-eabi/lib/thumb/v7e-m+fp/hard/libc_nano.a
END GROUP
LOAD /usr/lib/gcc/arm-none-eabi/14.2.0/thumb/v7e-m+fp/hard/crtend.o
LOAD /usr/lib/gcc/arm-none-eabi/14.2.0/thumb/v7e-m+fp/hard/crtn.o
                0x20020000                        _estack = (ORIGIN (RAM) + LENGTH (RAM))
                0x00000200                        _Min_Heap_Size = 0x200
                0x00000400                        _Min_Stack_Size = 0x400

.isr_vector     0x08000000      0x1d8
                0x08000000                        . = ALIGN (0x4)
 *(.isr_vector)
 .isr_vector    0x08000000      0x1d8 CMakeFiles/bldc-STM32G474CTB6.dir/CMSIS/startup_stm32g474xx.s.obj
                0x08000000                g_pfnVectors
                0x080001d8                        . = ALIGN (0x4)

.text           0x080001e0     0x943c
                0x080001e0                        . = ALIGN (0x4)
 *(.text)
 .text          0x080001e0       0x30 /usr/lib/gcc/arm-none-eabi/14.2.0/thumb/v7e-m+fp/hard/libgcc.a(_aeabi_uldivmod.o)
                0x080001e0                __aeabi_uldivmod
 .text          0x08000210        0x4 /usr/lib/gcc/arm-none-eabi/14.2.0/thumb/v7e-m+fp/hard/libgcc.a(_dvmd_tls.o)
                0x08000210                __aeabi_ldiv0
                0x08000210                __aeabi_idiv0
 *(.text*)
 .text.__do_global_dtors_aux
                0x08000214       0x24 /usr/lib/gcc/arm-none-eabi/14.2.0/thumb/v7e-m+fp/hard/crtbegin.o
 .text.frame_dummy
                0x08000238       0x1c /usr/lib/gcc/arm-none-eabi/14.2.0/thumb/v7e-m+fp/hard/crtbegin.o
 .text.main     0x08000254       0x50 CMakeFiles/bldc-STM32G474CTB6.dir/Core/Src/main.c.obj
                0x08000254                main
 .text.SystemClock_Config
                0x080002a4       0x98 CMakeFiles/bldc-STM32G474CTB6.dir/Core/Src/main.c.obj
                0x080002a4                SystemClock_Config
 .text.HAL_TIM_PeriodElapsedCallback
                0x0800033c       0x1e CMakeFiles/bldc-STM32G474CTB6.dir/Core/Src/main.c.obj
                0x0800033c                HAL_TIM_PeriodElapsedCallback
 .text.Error_Handler
                0x0800035a        0xc CMakeFiles/bldc-STM32G474CTB6.dir/Core/Src/main.c.obj
                0x0800035a                Error_Handler
 *fill*         0x08000366        0x2 
 .text.MX_GPIO_Init
                0x08000368       0xdc CMakeFiles/bldc-STM32G474CTB6.dir/Core/Src/gpio.c.obj
                0x08000368                MX_GPIO_Init
 .text.MX_FREERTOS_Init
                0x08000444       0x24 CMakeFiles/bldc-STM32G474CTB6.dir/Core/Src/app_freertos.c.obj
                0x08000444                MX_FREERTOS_Init
 .text.StartDefaultTask
                0x08000468       0x10 CMakeFiles/bldc-STM32G474CTB6.dir/Core/Src/app_freertos.c.obj
                0x08000468                StartDefaultTask
 .text.MX_ADC1_Init
                0x08000478       0xf0 CMakeFiles/bldc-STM32G474CTB6.dir/Core/Src/adc.c.obj
                0x08000478                MX_ADC1_Init
 .text.MX_ADC2_Init
                0x08000568       0xcc CMakeFiles/bldc-STM32G474CTB6.dir/Core/Src/adc.c.obj
                0x08000568                MX_ADC2_Init
 .text.HAL_ADC_MspInit
                0x08000634      0x180 CMakeFiles/bldc-STM32G474CTB6.dir/Core/Src/adc.c.obj
                0x08000634                HAL_ADC_MspInit
 .text.MX_FDCAN2_Init
                0x080007b4       0x8c CMakeFiles/bldc-STM32G474CTB6.dir/Core/Src/fdcan.c.obj
                0x080007b4                MX_FDCAN2_Init
 .text.HAL_FDCAN_MspInit
                0x08000840       0xb8 CMakeFiles/bldc-STM32G474CTB6.dir/Core/Src/fdcan.c.obj
                0x08000840                HAL_FDCAN_MspInit
 .text.MX_I2C1_Init
                0x080008f8       0x80 CMakeFiles/bldc-STM32G474CTB6.dir/Core/Src/i2c.c.obj
                0x080008f8                MX_I2C1_Init
 .text.HAL_I2C_MspInit
                0x08000978       0xf0 CMakeFiles/bldc-STM32G474CTB6.dir/Core/Src/i2c.c.obj
                0x08000978                HAL_I2C_MspInit
 .text.MX_OPAMP1_Init
                0x08000a68       0x58 CMakeFiles/bldc-STM32G474CTB6.dir/Core/Src/opamp.c.obj
                0x08000a68                MX_OPAMP1_Init
 .text.MX_OPAMP2_Init
                0x08000ac0       0x58 CMakeFiles/bldc-STM32G474CTB6.dir/Core/Src/opamp.c.obj
                0x08000ac0                MX_OPAMP2_Init
 .text.MX_OPAMP3_Init
                0x08000b18       0x58 CMakeFiles/bldc-STM32G474CTB6.dir/Core/Src/opamp.c.obj
                0x08000b18                MX_OPAMP3_Init
 .text.HAL_OPAMP_MspInit
                0x08000b70       0xec CMakeFiles/bldc-STM32G474CTB6.dir/Core/Src/opamp.c.obj
                0x08000b70                HAL_OPAMP_MspInit
 .text.MX_SPI1_Init
                0x08000c5c       0x7c CMakeFiles/bldc-STM32G474CTB6.dir/Core/Src/spi.c.obj
                0x08000c5c                MX_SPI1_Init
 .text.HAL_SPI_MspInit
                0x08000cd8       0x88 CMakeFiles/bldc-STM32G474CTB6.dir/Core/Src/spi.c.obj
                0x08000cd8                HAL_SPI_MspInit
 .text.MX_TIM1_Init
                0x08000d60      0x158 CMakeFiles/bldc-STM32G474CTB6.dir/Core/Src/tim.c.obj
                0x08000d60                MX_TIM1_Init
 .text.HAL_TIM_PWM_MspInit
                0x08000eb8       0x40 CMakeFiles/bldc-STM32G474CTB6.dir/Core/Src/tim.c.obj
                0x08000eb8                HAL_TIM_PWM_MspInit
 .text.HAL_TIM_MspPostInit
                0x08000ef8       0xec CMakeFiles/bldc-STM32G474CTB6.dir/Core/Src/tim.c.obj
                0x08000ef8                HAL_TIM_MspPostInit
 .text.MX_USART1_UART_Init
                0x08000fe4       0x98 CMakeFiles/bldc-STM32G474CTB6.dir/Core/Src/usart.c.obj
                0x08000fe4                MX_USART1_UART_Init
 .text.MX_USART2_UART_Init
                0x0800107c       0x98 CMakeFiles/bldc-STM32G474CTB6.dir/Core/Src/usart.c.obj
                0x0800107c                MX_USART2_UART_Init
 .text.HAL_UART_MspInit
                0x08001114      0x130 CMakeFiles/bldc-STM32G474CTB6.dir/Core/Src/usart.c.obj
                0x08001114                HAL_UART_MspInit
 .text.MX_USB_PCD_Init
                0x08001244       0x50 CMakeFiles/bldc-STM32G474CTB6.dir/Core/Src/usb.c.obj
                0x08001244                MX_USB_PCD_Init
 .text.HAL_PCD_MspInit
                0x08001294       0x68 CMakeFiles/bldc-STM32G474CTB6.dir/Core/Src/usb.c.obj
                0x08001294                HAL_PCD_MspInit
 .text.NMI_Handler
                0x080012fc        0x8 CMakeFiles/bldc-STM32G474CTB6.dir/Core/Src/stm32g4xx_it.c.obj
                0x080012fc                NMI_Handler
 .text.HardFault_Handler
                0x08001304        0x8 CMakeFiles/bldc-STM32G474CTB6.dir/Core/Src/stm32g4xx_it.c.obj
                0x08001304                HardFault_Handler
 .text.MemManage_Handler
                0x0800130c        0x8 CMakeFiles/bldc-STM32G474CTB6.dir/Core/Src/stm32g4xx_it.c.obj
                0x0800130c                MemManage_Handler
 .text.BusFault_Handler
                0x08001314        0x8 CMakeFiles/bldc-STM32G474CTB6.dir/Core/Src/stm32g4xx_it.c.obj
                0x08001314                BusFault_Handler
 .text.UsageFault_Handler
                0x0800131c        0x8 CMakeFiles/bldc-STM32G474CTB6.dir/Core/Src/stm32g4xx_it.c.obj
                0x0800131c                UsageFault_Handler
 .text.DebugMon_Handler
                0x08001324        0xe CMakeFiles/bldc-STM32G474CTB6.dir/Core/Src/stm32g4xx_it.c.obj
                0x08001324                DebugMon_Handler
 *fill*         0x08001332        0x2 
 .text.TIM2_IRQHandler
                0x08001334       0x14 CMakeFiles/bldc-STM32G474CTB6.dir/Core/Src/stm32g4xx_it.c.obj
                0x08001334                TIM2_IRQHandler
 .text.HAL_MspInit
                0x08001348       0x54 CMakeFiles/bldc-STM32G474CTB6.dir/Core/Src/stm32g4xx_hal_msp.c.obj
                0x08001348                HAL_MspInit
 .text.HAL_InitTick
                0x0800139c       0xd8 CMakeFiles/bldc-STM32G474CTB6.dir/Core/Src/stm32g4xx_hal_timebase_tim.c.obj
                0x0800139c                HAL_InitTick
 .text.HAL_TIM_Base_Init
                0x08001474       0xae CMakeFiles/bldc-STM32G474CTB6.dir/STM32G4xx_HAL_Driver/Src/stm32g4xx_hal_tim.c.obj
                0x08001474                HAL_TIM_Base_Init
 .text.HAL_TIM_Base_MspInit
                0x08001522       0x14 CMakeFiles/bldc-STM32G474CTB6.dir/STM32G4xx_HAL_Driver/Src/stm32g4xx_hal_tim.c.obj
                0x08001522                HAL_TIM_Base_MspInit
 *fill*         0x08001536        0x2 
 .text.HAL_TIM_Base_Start_IT
                0x08001538       0xf0 CMakeFiles/bldc-STM32G474CTB6.dir/STM32G4xx_HAL_Driver/Src/stm32g4xx_hal_tim.c.obj
                0x08001538                HAL_TIM_Base_Start_IT
 .text.HAL_TIM_PWM_Init
                0x08001628       0xae CMakeFiles/bldc-STM32G474CTB6.dir/STM32G4xx_HAL_Driver/Src/stm32g4xx_hal_tim.c.obj
                0x08001628                HAL_TIM_PWM_Init
 .text.HAL_TIM_IRQHandler
                0x080016d6      0x29e CMakeFiles/bldc-STM32G474CTB6.dir/STM32G4xx_HAL_Driver/Src/stm32g4xx_hal_tim.c.obj
                0x080016d6                HAL_TIM_IRQHandler
 .text.HAL_TIM_PWM_ConfigChannel
                0x08001974      0x228 CMakeFiles/bldc-STM32G474CTB6.dir/STM32G4xx_HAL_Driver/Src/stm32g4xx_hal_tim.c.obj
                0x08001974                HAL_TIM_PWM_ConfigChannel
 .text.HAL_TIM_OC_DelayElapsedCallback
                0x08001b9c       0x14 CMakeFiles/bldc-STM32G474CTB6.dir/STM32G4xx_HAL_Driver/Src/stm32g4xx_hal_tim.c.obj
                0x08001b9c                HAL_TIM_OC_DelayElapsedCallback
 .text.HAL_TIM_IC_CaptureCallback
                0x08001bb0       0x14 CMakeFiles/bldc-STM32G474CTB6.dir/STM32G4xx_HAL_Driver/Src/stm32g4xx_hal_tim.c.obj
                0x08001bb0                HAL_TIM_IC_CaptureCallback
 .text.HAL_TIM_PWM_PulseFinishedCallback
                0x08001bc4       0x14 CMakeFiles/bldc-STM32G474CTB6.dir/STM32G4xx_HAL_Driver/Src/stm32g4xx_hal_tim.c.obj
                0x08001bc4                HAL_TIM_PWM_PulseFinishedCallback
 .text.HAL_TIM_TriggerCallback
                0x08001bd8       0x14 CMakeFiles/bldc-STM32G474CTB6.dir/STM32G4xx_HAL_Driver/Src/stm32g4xx_hal_tim.c.obj
                0x08001bd8                HAL_TIM_TriggerCallback
 .text.TIM_Base_SetConfig
                0x08001bec      0x168 CMakeFiles/bldc-STM32G474CTB6.dir/STM32G4xx_HAL_Driver/Src/stm32g4xx_hal_tim.c.obj
                0x08001bec                TIM_Base_SetConfig
 .text.TIM_OC1_SetConfig
                0x08001d54      0x134 CMakeFiles/bldc-STM32G474CTB6.dir/STM32G4xx_HAL_Driver/Src/stm32g4xx_hal_tim.c.obj
 .text.TIM_OC2_SetConfig
                0x08001e88      0x128 CMakeFiles/bldc-STM32G474CTB6.dir/STM32G4xx_HAL_Driver/Src/stm32g4xx_hal_tim.c.obj
                0x08001e88                TIM_OC2_SetConfig
 .text.TIM_OC3_SetConfig
                0x08001fb0      0x124 CMakeFiles/bldc-STM32G474CTB6.dir/STM32G4xx_HAL_Driver/Src/stm32g4xx_hal_tim.c.obj
 .text.TIM_OC4_SetConfig
                0x080020d4      0x128 CMakeFiles/bldc-STM32G474CTB6.dir/STM32G4xx_HAL_Driver/Src/stm32g4xx_hal_tim.c.obj
 .text.TIM_OC5_SetConfig
                0x080021fc       0xd4 CMakeFiles/bldc-STM32G474CTB6.dir/STM32G4xx_HAL_Driver/Src/stm32g4xx_hal_tim.c.obj
 .text.TIM_OC6_SetConfig
                0x080022d0       0xd8 CMakeFiles/bldc-STM32G474CTB6.dir/STM32G4xx_HAL_Driver/Src/stm32g4xx_hal_tim.c.obj
 .text.HAL_TIMEx_MasterConfigSynchronization
                0x080023a8      0x12c CMakeFiles/bldc-STM32G474CTB6.dir/STM32G4xx_HAL_Driver/Src/stm32g4xx_hal_tim_ex.c.obj
                0x080023a8                HAL_TIMEx_MasterConfigSynchronization
 .text.HAL_TIMEx_ConfigBreakDeadTime
                0x080024d4      0x128 CMakeFiles/bldc-STM32G474CTB6.dir/STM32G4xx_HAL_Driver/Src/stm32g4xx_hal_tim_ex.c.obj
                0x080024d4                HAL_TIMEx_ConfigBreakDeadTime
 .text.HAL_TIMEx_CommutCallback
                0x080025fc       0x14 CMakeFiles/bldc-STM32G474CTB6.dir/STM32G4xx_HAL_Driver/Src/stm32g4xx_hal_tim_ex.c.obj
                0x080025fc                HAL_TIMEx_CommutCallback
 .text.HAL_TIMEx_BreakCallback
                0x08002610       0x14 CMakeFiles/bldc-STM32G474CTB6.dir/STM32G4xx_HAL_Driver/Src/stm32g4xx_hal_tim_ex.c.obj
                0x08002610                HAL_TIMEx_BreakCallback
 .text.HAL_TIMEx_Break2Callback
                0x08002624       0x14 CMakeFiles/bldc-STM32G474CTB6.dir/STM32G4xx_HAL_Driver/Src/stm32g4xx_hal_tim_ex.c.obj
                0x08002624                HAL_TIMEx_Break2Callback
 .text.HAL_TIMEx_EncoderIndexCallback
                0x08002638       0x14 CMakeFiles/bldc-STM32G474CTB6.dir/STM32G4xx_HAL_Driver/Src/stm32g4xx_hal_tim_ex.c.obj
                0x08002638                HAL_TIMEx_EncoderIndexCallback
 .text.HAL_TIMEx_DirectionChangeCallback
                0x0800264c       0x14 CMakeFiles/bldc-STM32G474CTB6.dir/STM32G4xx_HAL_Driver/Src/stm32g4xx_hal_tim_ex.c.obj
                0x0800264c                HAL_TIMEx_DirectionChangeCallback
 .text.HAL_TIMEx_IndexErrorCallback
                0x08002660       0x14 CMakeFiles/bldc-STM32G474CTB6.dir/STM32G4xx_HAL_Driver/Src/stm32g4xx_hal_tim_ex.c.obj
                0x08002660                HAL_TIMEx_IndexErrorCallback
 .text.HAL_TIMEx_TransitionErrorCallback
                0x08002674       0x14 CMakeFiles/bldc-STM32G474CTB6.dir/STM32G4xx_HAL_Driver/Src/stm32g4xx_hal_tim_ex.c.obj
                0x08002674                HAL_TIMEx_TransitionErrorCallback
 .text.LL_ADC_SetCommonClock
                0x08002688       0x26 CMakeFiles/bldc-STM32G474CTB6.dir/STM32G4xx_HAL_Driver/Src/stm32g4xx_hal_adc.c.obj
 .text.LL_ADC_SetCommonPathInternalCh
                0x080026ae       0x26 CMakeFiles/bldc-STM32G474CTB6.dir/STM32G4xx_HAL_Driver/Src/stm32g4xx_hal_adc.c.obj
 .text.LL_ADC_GetCommonPathInternalCh
                0x080026d4       0x1c CMakeFiles/bldc-STM32G474CTB6.dir/STM32G4xx_HAL_Driver/Src/stm32g4xx_hal_adc.c.obj
 .text.LL_ADC_SetOffset
                0x080026f0       0x48 CMakeFiles/bldc-STM32G474CTB6.dir/STM32G4xx_HAL_Driver/Src/stm32g4xx_hal_adc.c.obj
 .text.LL_ADC_GetOffsetChannel
                0x08002738       0x2c CMakeFiles/bldc-STM32G474CTB6.dir/STM32G4xx_HAL_Driver/Src/stm32g4xx_hal_adc.c.obj
 .text.LL_ADC_SetOffsetState
                0x08002764       0x36 CMakeFiles/bldc-STM32G474CTB6.dir/STM32G4xx_HAL_Driver/Src/stm32g4xx_hal_adc.c.obj
 .text.LL_ADC_SetOffsetSign
                0x0800279a       0x36 CMakeFiles/bldc-STM32G474CTB6.dir/STM32G4xx_HAL_Driver/Src/stm32g4xx_hal_adc.c.obj
 .text.LL_ADC_SetOffsetSaturation
                0x080027d0       0x36 CMakeFiles/bldc-STM32G474CTB6.dir/STM32G4xx_HAL_Driver/Src/stm32g4xx_hal_adc.c.obj
 .text.LL_ADC_SetSamplingTimeCommonConfig
                0x08002806       0x26 CMakeFiles/bldc-STM32G474CTB6.dir/STM32G4xx_HAL_Driver/Src/stm32g4xx_hal_adc.c.obj
 .text.LL_ADC_REG_SetSequencerRanks
                0x0800282c       0x58 CMakeFiles/bldc-STM32G474CTB6.dir/STM32G4xx_HAL_Driver/Src/stm32g4xx_hal_adc.c.obj
 .text.LL_ADC_SetChannelSamplingTime
                0x08002884       0x56 CMakeFiles/bldc-STM32G474CTB6.dir/STM32G4xx_HAL_Driver/Src/stm32g4xx_hal_adc.c.obj
 *fill*         0x080028da        0x2 
 .text.LL_ADC_SetChannelSingleDiff
                0x080028dc       0x48 CMakeFiles/bldc-STM32G474CTB6.dir/STM32G4xx_HAL_Driver/Src/stm32g4xx_hal_adc.c.obj
 .text.LL_ADC_DisableDeepPowerDown
                0x08002924       0x24 CMakeFiles/bldc-STM32G474CTB6.dir/STM32G4xx_HAL_Driver/Src/stm32g4xx_hal_adc.c.obj
 .text.LL_ADC_IsDeepPowerDownEnabled
                0x08002948       0x28 CMakeFiles/bldc-STM32G474CTB6.dir/STM32G4xx_HAL_Driver/Src/stm32g4xx_hal_adc.c.obj
 .text.LL_ADC_EnableInternalRegulator
                0x08002970       0x28 CMakeFiles/bldc-STM32G474CTB6.dir/STM32G4xx_HAL_Driver/Src/stm32g4xx_hal_adc.c.obj
 .text.LL_ADC_IsInternalRegulatorEnabled
                0x08002998       0x28 CMakeFiles/bldc-STM32G474CTB6.dir/STM32G4xx_HAL_Driver/Src/stm32g4xx_hal_adc.c.obj
 .text.LL_ADC_IsEnabled
                0x080029c0       0x26 CMakeFiles/bldc-STM32G474CTB6.dir/STM32G4xx_HAL_Driver/Src/stm32g4xx_hal_adc.c.obj
 .text.LL_ADC_REG_IsConversionOngoing
                0x080029e6       0x26 CMakeFiles/bldc-STM32G474CTB6.dir/STM32G4xx_HAL_Driver/Src/stm32g4xx_hal_adc.c.obj
 .text.LL_ADC_INJ_IsConversionOngoing
                0x08002a0c       0x26 CMakeFiles/bldc-STM32G474CTB6.dir/STM32G4xx_HAL_Driver/Src/stm32g4xx_hal_adc.c.obj
 *fill*         0x08002a32        0x2 
 .text.HAL_ADC_Init
                0x08002a34      0x378 CMakeFiles/bldc-STM32G474CTB6.dir/STM32G4xx_HAL_Driver/Src/stm32g4xx_hal_adc.c.obj
                0x08002a34                HAL_ADC_Init
 .text.HAL_ADC_ConfigChannel
                0x08002dac      0x880 CMakeFiles/bldc-STM32G474CTB6.dir/STM32G4xx_HAL_Driver/Src/stm32g4xx_hal_adc.c.obj
                0x08002dac                HAL_ADC_ConfigChannel
 .text.LL_ADC_IsEnabled
                0x0800362c       0x26 CMakeFiles/bldc-STM32G474CTB6.dir/STM32G4xx_HAL_Driver/Src/stm32g4xx_hal_adc_ex.c.obj
 .text.LL_ADC_REG_IsConversionOngoing
                0x08003652       0x26 CMakeFiles/bldc-STM32G474CTB6.dir/STM32G4xx_HAL_Driver/Src/stm32g4xx_hal_adc_ex.c.obj
 .text.HAL_ADCEx_MultiModeConfigChannel
                0x08003678      0x210 CMakeFiles/bldc-STM32G474CTB6.dir/STM32G4xx_HAL_Driver/Src/stm32g4xx_hal_adc_ex.c.obj
                0x08003678                HAL_ADCEx_MultiModeConfigChannel
 .text.HAL_Init
                0x08003888       0x30 CMakeFiles/bldc-STM32G474CTB6.dir/STM32G4xx_HAL_Driver/Src/stm32g4xx_hal.c.obj
                0x08003888                HAL_Init
 .text.HAL_IncTick
                0x080038b8       0x24 CMakeFiles/bldc-STM32G474CTB6.dir/STM32G4xx_HAL_Driver/Src/stm32g4xx_hal.c.obj
                0x080038b8                HAL_IncTick
 .text.HAL_GetTick
                0x080038dc       0x18 CMakeFiles/bldc-STM32G474CTB6.dir/STM32G4xx_HAL_Driver/Src/stm32g4xx_hal.c.obj
                0x080038dc                HAL_GetTick
 .text.HAL_RCC_OscConfig
                0x080038f4      0x624 CMakeFiles/bldc-STM32G474CTB6.dir/STM32G4xx_HAL_Driver/Src/stm32g4xx_hal_rcc.c.obj
                0x080038f4                HAL_RCC_OscConfig
 .text.HAL_RCC_ClockConfig
                0x08003f18      0x278 CMakeFiles/bldc-STM32G474CTB6.dir/STM32G4xx_HAL_Driver/Src/stm32g4xx_hal_rcc.c.obj
                0x08003f18                HAL_RCC_ClockConfig
 .text.HAL_RCC_GetSysClockFreq
                0x08004190       0xc4 CMakeFiles/bldc-STM32G474CTB6.dir/STM32G4xx_HAL_Driver/Src/stm32g4xx_hal_rcc.c.obj
                0x08004190                HAL_RCC_GetSysClockFreq
 .text.HAL_RCC_GetHCLKFreq
                0x08004254       0x18 CMakeFiles/bldc-STM32G474CTB6.dir/STM32G4xx_HAL_Driver/Src/stm32g4xx_hal_rcc.c.obj
                0x08004254                HAL_RCC_GetHCLKFreq
 .text.HAL_RCC_GetPCLK1Freq
                0x0800426c       0x2c CMakeFiles/bldc-STM32G474CTB6.dir/STM32G4xx_HAL_Driver/Src/stm32g4xx_hal_rcc.c.obj
                0x0800426c                HAL_RCC_GetPCLK1Freq
 .text.HAL_RCC_GetPCLK2Freq
                0x08004298       0x2c CMakeFiles/bldc-STM32G474CTB6.dir/STM32G4xx_HAL_Driver/Src/stm32g4xx_hal_rcc.c.obj
                0x08004298                HAL_RCC_GetPCLK2Freq
 .text.HAL_RCC_GetClockConfig
                0x080042c4       0x64 CMakeFiles/bldc-STM32G474CTB6.dir/STM32G4xx_HAL_Driver/Src/stm32g4xx_hal_rcc.c.obj
                0x080042c4                HAL_RCC_GetClockConfig
 .text.RCC_GetSysClockFreqFromPLLSource
                0x08004328       0x8c CMakeFiles/bldc-STM32G474CTB6.dir/STM32G4xx_HAL_Driver/Src/stm32g4xx_hal_rcc.c.obj
 .text.HAL_RCCEx_PeriphCLKConfig
                0x080043b4      0x49c CMakeFiles/bldc-STM32G474CTB6.dir/STM32G4xx_HAL_Driver/Src/stm32g4xx_hal_rcc_ex.c.obj
                0x080043b4                HAL_RCCEx_PeriphCLKConfig
 .text.HAL_GPIO_Init
                0x08004850      0x304 CMakeFiles/bldc-STM32G474CTB6.dir/STM32G4xx_HAL_Driver/Src/stm32g4xx_hal_gpio.c.obj
                0x08004850                HAL_GPIO_Init
 .text.HAL_GPIO_WritePin
                0x08004b54       0x30 CMakeFiles/bldc-STM32G474CTB6.dir/STM32G4xx_HAL_Driver/Src/stm32g4xx_hal_gpio.c.obj
                0x08004b54                HAL_GPIO_WritePin
 .text.HAL_PWREx_ControlVoltageScaling
                0x08004b84      0x148 CMakeFiles/bldc-STM32G474CTB6.dir/STM32G4xx_HAL_Driver/Src/stm32g4xx_hal_pwr_ex.c.obj
                0x08004b84                HAL_PWREx_ControlVoltageScaling
 .text.HAL_PWREx_DisableUCPDDeadBattery
                0x08004ccc       0x20 CMakeFiles/bldc-STM32G474CTB6.dir/STM32G4xx_HAL_Driver/Src/stm32g4xx_hal_pwr_ex.c.obj
                0x08004ccc                HAL_PWREx_DisableUCPDDeadBattery
 .text.__NVIC_SetPriorityGrouping
                0x08004cec       0x48 CMakeFiles/bldc-STM32G474CTB6.dir/STM32G4xx_HAL_Driver/Src/stm32g4xx_hal_cortex.c.obj
 .text.__NVIC_GetPriorityGrouping
                0x08004d34       0x1c CMakeFiles/bldc-STM32G474CTB6.dir/STM32G4xx_HAL_Driver/Src/stm32g4xx_hal_cortex.c.obj
 .text.__NVIC_EnableIRQ
                0x08004d50       0x3c CMakeFiles/bldc-STM32G474CTB6.dir/STM32G4xx_HAL_Driver/Src/stm32g4xx_hal_cortex.c.obj
 .text.__NVIC_SetPriority
                0x08004d8c       0x54 CMakeFiles/bldc-STM32G474CTB6.dir/STM32G4xx_HAL_Driver/Src/stm32g4xx_hal_cortex.c.obj
 .text.NVIC_EncodePriority
                0x08004de0       0x66 CMakeFiles/bldc-STM32G474CTB6.dir/STM32G4xx_HAL_Driver/Src/stm32g4xx_hal_cortex.c.obj
 .text.HAL_NVIC_SetPriorityGrouping
                0x08004e46       0x16 CMakeFiles/bldc-STM32G474CTB6.dir/STM32G4xx_HAL_Driver/Src/stm32g4xx_hal_cortex.c.obj
                0x08004e46                HAL_NVIC_SetPriorityGrouping
 .text.HAL_NVIC_SetPriority
                0x08004e5c       0x34 CMakeFiles/bldc-STM32G474CTB6.dir/STM32G4xx_HAL_Driver/Src/stm32g4xx_hal_cortex.c.obj
                0x08004e5c                HAL_NVIC_SetPriority
 .text.HAL_NVIC_EnableIRQ
                0x08004e90       0x1c CMakeFiles/bldc-STM32G474CTB6.dir/STM32G4xx_HAL_Driver/Src/stm32g4xx_hal_cortex.c.obj
                0x08004e90                HAL_NVIC_EnableIRQ
 .text.HAL_FDCAN_Init
                0x08004eac      0x2b4 CMakeFiles/bldc-STM32G474CTB6.dir/STM32G4xx_HAL_Driver/Src/stm32g4xx_hal_fdcan.c.obj
                0x08004eac                HAL_FDCAN_Init
 .text.FDCAN_CalcultateRamBlockAddresses
                0x08005160       0xd8 CMakeFiles/bldc-STM32G474CTB6.dir/STM32G4xx_HAL_Driver/Src/stm32g4xx_hal_fdcan.c.obj
 .text.HAL_I2C_Init
                0x08005238      0x136 CMakeFiles/bldc-STM32G474CTB6.dir/STM32G4xx_HAL_Driver/Src/stm32g4xx_hal_i2c.c.obj
                0x08005238                HAL_I2C_Init
 .text.HAL_I2CEx_ConfigAnalogFilter
                0x0800536e       0x96 CMakeFiles/bldc-STM32G474CTB6.dir/STM32G4xx_HAL_Driver/Src/stm32g4xx_hal_i2c_ex.c.obj
                0x0800536e                HAL_I2CEx_ConfigAnalogFilter
 .text.HAL_I2CEx_ConfigDigitalFilter
                0x08005404       0x98 CMakeFiles/bldc-STM32G474CTB6.dir/STM32G4xx_HAL_Driver/Src/stm32g4xx_hal_i2c_ex.c.obj
                0x08005404                HAL_I2CEx_ConfigDigitalFilter
 .text.HAL_OPAMP_Init
                0x0800549c      0x1a0 CMakeFiles/bldc-STM32G474CTB6.dir/STM32G4xx_HAL_Driver/Src/stm32g4xx_hal_opamp.c.obj
                0x0800549c                HAL_OPAMP_Init
 .text.HAL_SPI_Init
                0x0800563c      0x156 CMakeFiles/bldc-STM32G474CTB6.dir/STM32G4xx_HAL_Driver/Src/stm32g4xx_hal_spi.c.obj
                0x0800563c                HAL_SPI_Init
 .text.HAL_UART_Init
                0x08005792       0xa0 CMakeFiles/bldc-STM32G474CTB6.dir/STM32G4xx_HAL_Driver/Src/stm32g4xx_hal_uart.c.obj
                0x08005792                HAL_UART_Init
 *fill*         0x08005832        0x2 
 .text.UART_SetConfig
                0x08005834      0x5f8 CMakeFiles/bldc-STM32G474CTB6.dir/STM32G4xx_HAL_Driver/Src/stm32g4xx_hal_uart.c.obj
                0x08005834                UART_SetConfig
 .text.UART_AdvFeatureConfig
                0x08005e2c      0x144 CMakeFiles/bldc-STM32G474CTB6.dir/STM32G4xx_HAL_Driver/Src/stm32g4xx_hal_uart.c.obj
                0x08005e2c                UART_AdvFeatureConfig
 .text.UART_CheckIdleState
                0x08005f70      0x154 CMakeFiles/bldc-STM32G474CTB6.dir/STM32G4xx_HAL_Driver/Src/stm32g4xx_hal_uart.c.obj
                0x08005f70                UART_CheckIdleState
 .text.UART_WaitOnFlagUntilTimeout
                0x080060c4       0xda CMakeFiles/bldc-STM32G474CTB6.dir/STM32G4xx_HAL_Driver/Src/stm32g4xx_hal_uart.c.obj
                0x080060c4                UART_WaitOnFlagUntilTimeout
 .text.UART_EndRxTransfer
                0x0800619e       0xcc CMakeFiles/bldc-STM32G474CTB6.dir/STM32G4xx_HAL_Driver/Src/stm32g4xx_hal_uart.c.obj
 .text.HAL_UARTEx_DisableFifoMode
                0x0800626a       0x72 CMakeFiles/bldc-STM32G474CTB6.dir/STM32G4xx_HAL_Driver/Src/stm32g4xx_hal_uart_ex.c.obj
                0x0800626a                HAL_UARTEx_DisableFifoMode
 .text.HAL_UARTEx_SetTxFifoThreshold
                0x080062dc       0x7c CMakeFiles/bldc-STM32G474CTB6.dir/STM32G4xx_HAL_Driver/Src/stm32g4xx_hal_uart_ex.c.obj
                0x080062dc                HAL_UARTEx_SetTxFifoThreshold
 .text.HAL_UARTEx_SetRxFifoThreshold
                0x08006358       0x7c CMakeFiles/bldc-STM32G474CTB6.dir/STM32G4xx_HAL_Driver/Src/stm32g4xx_hal_uart_ex.c.obj
                0x08006358                HAL_UARTEx_SetRxFifoThreshold
 .text.UARTEx_SetNbDataToProcess
                0x080063d4       0x9c CMakeFiles/bldc-STM32G474CTB6.dir/STM32G4xx_HAL_Driver/Src/stm32g4xx_hal_uart_ex.c.obj
 .text.HAL_PCD_Init
                0x08006470      0x19c CMakeFiles/bldc-STM32G474CTB6.dir/STM32G4xx_HAL_Driver/Src/stm32g4xx_hal_pcd.c.obj
                0x08006470                HAL_PCD_Init
 .text.HAL_PCDEx_ActivateLPM
                0x0800660c       0x54 CMakeFiles/bldc-STM32G474CTB6.dir/STM32G4xx_HAL_Driver/Src/stm32g4xx_hal_pcd_ex.c.obj
                0x0800660c                HAL_PCDEx_ActivateLPM
 .text.USB_DisableGlobalInt
                0x08006660       0x36 CMakeFiles/bldc-STM32G474CTB6.dir/STM32G4xx_HAL_Driver/Src/stm32g4xx_ll_usb.c.obj
                0x08006660                USB_DisableGlobalInt
 .text.USB_DevInit
                0x08006696       0x3c CMakeFiles/bldc-STM32G474CTB6.dir/STM32G4xx_HAL_Driver/Src/stm32g4xx_ll_usb.c.obj
                0x08006696                USB_DevInit
 .text.vListInitialise
                0x080066d2       0x40 CMakeFiles/bldc-STM32G474CTB6.dir/FreeRTOS/Source/list.c.obj
                0x080066d2                vListInitialise
 .text.vListInitialiseItem
                0x08006712       0x1a CMakeFiles/bldc-STM32G474CTB6.dir/FreeRTOS/Source/list.c.obj
                0x08006712                vListInitialiseItem
 .text.vListInsertEnd
                0x0800672c       0x48 CMakeFiles/bldc-STM32G474CTB6.dir/FreeRTOS/Source/list.c.obj
                0x0800672c                vListInsertEnd
 .text.vListInsert
                0x08006774       0x72 CMakeFiles/bldc-STM32G474CTB6.dir/FreeRTOS/Source/list.c.obj
                0x08006774                vListInsert
 .text.uxListRemove
                0x080067e6       0x54 CMakeFiles/bldc-STM32G474CTB6.dir/FreeRTOS/Source/list.c.obj
                0x080067e6                uxListRemove
 *fill*         0x0800683a        0x2 
 .text.xQueueGenericReset
                0x0800683c       0xd4 CMakeFiles/bldc-STM32G474CTB6.dir/FreeRTOS/Source/queue.c.obj
                0x0800683c                xQueueGenericReset
 .text.xQueueGenericCreateStatic
                0x08006910       0xfa CMakeFiles/bldc-STM32G474CTB6.dir/FreeRTOS/Source/queue.c.obj
                0x08006910                xQueueGenericCreateStatic
 .text.prvInitialiseNewQueue
                0x08006a0a       0x46 CMakeFiles/bldc-STM32G474CTB6.dir/FreeRTOS/Source/queue.c.obj
 .text.xQueueGenericSend
                0x08006a50      0x204 CMakeFiles/bldc-STM32G474CTB6.dir/FreeRTOS/Source/queue.c.obj
                0x08006a50                xQueueGenericSend
 .text.xQueueGenericSendFromISR
                0x08006c54      0x13c CMakeFiles/bldc-STM32G474CTB6.dir/FreeRTOS/Source/queue.c.obj
                0x08006c54                xQueueGenericSendFromISR
 .text.xQueueReceive
                0x08006d90      0x1c4 CMakeFiles/bldc-STM32G474CTB6.dir/FreeRTOS/Source/queue.c.obj
                0x08006d90                xQueueReceive
 .text.prvCopyDataToQueue
                0x08006f54       0xd4 CMakeFiles/bldc-STM32G474CTB6.dir/FreeRTOS/Source/queue.c.obj
 .text.prvCopyDataFromQueue
                0x08007028       0x4c CMakeFiles/bldc-STM32G474CTB6.dir/FreeRTOS/Source/queue.c.obj
 .text.prvUnlockQueue
                0x08007074       0xa4 CMakeFiles/bldc-STM32G474CTB6.dir/FreeRTOS/Source/queue.c.obj
 .text.prvIsQueueEmpty
                0x08007118       0x2c CMakeFiles/bldc-STM32G474CTB6.dir/FreeRTOS/Source/queue.c.obj
 .text.prvIsQueueFull
                0x08007144       0x30 CMakeFiles/bldc-STM32G474CTB6.dir/FreeRTOS/Source/queue.c.obj
 .text.vQueueAddToRegistry
                0x08007174       0x54 CMakeFiles/bldc-STM32G474CTB6.dir/FreeRTOS/Source/queue.c.obj
                0x08007174                vQueueAddToRegistry
 .text.vQueueWaitForMessageRestricted
                0x080071c8       0x68 CMakeFiles/bldc-STM32G474CTB6.dir/FreeRTOS/Source/queue.c.obj
                0x080071c8                vQueueWaitForMessageRestricted
 .text.xTaskCreateStatic
                0x08007230       0xc0 CMakeFiles/bldc-STM32G474CTB6.dir/FreeRTOS/Source/tasks.c.obj
                0x08007230                xTaskCreateStatic
 .text.xTaskCreate
                0x080072f0       0x8a CMakeFiles/bldc-STM32G474CTB6.dir/FreeRTOS/Source/tasks.c.obj
                0x080072f0                xTaskCreate
 .text.prvInitialiseNewTask
                0x0800737a      0x120 CMakeFiles/bldc-STM32G474CTB6.dir/FreeRTOS/Source/tasks.c.obj
 *fill*         0x0800749a        0x2 
 .text.prvAddNewTaskToReadyList
                0x0800749c       0xe0 CMakeFiles/bldc-STM32G474CTB6.dir/FreeRTOS/Source/tasks.c.obj
 .text.vTaskDelay
                0x0800757c       0x6c CMakeFiles/bldc-STM32G474CTB6.dir/FreeRTOS/Source/tasks.c.obj
                0x0800757c                vTaskDelay
 .text.vTaskStartScheduler
                0x080075e8       0xd0 CMakeFiles/bldc-STM32G474CTB6.dir/FreeRTOS/Source/tasks.c.obj
                0x080075e8                vTaskStartScheduler
 .text.vTaskSuspendAll
                0x080076b8       0x1c CMakeFiles/bldc-STM32G474CTB6.dir/FreeRTOS/Source/tasks.c.obj
                0x080076b8                vTaskSuspendAll
 .text.xTaskResumeAll
                0x080076d4      0x13c CMakeFiles/bldc-STM32G474CTB6.dir/FreeRTOS/Source/tasks.c.obj
                0x080076d4                xTaskResumeAll
 .text.xTaskGetTickCount
                0x08007810       0x20 CMakeFiles/bldc-STM32G474CTB6.dir/FreeRTOS/Source/tasks.c.obj
                0x08007810                xTaskGetTickCount
 .text.xTaskIncrementTick
                0x08007830      0x174 CMakeFiles/bldc-STM32G474CTB6.dir/FreeRTOS/Source/tasks.c.obj
                0x08007830                xTaskIncrementTick
 .text.vTaskSwitchContext
                0x080079a4       0xbc CMakeFiles/bldc-STM32G474CTB6.dir/FreeRTOS/Source/tasks.c.obj
                0x080079a4                vTaskSwitchContext
 .text.vTaskPlaceOnEventList
                0x08007a60       0x4c CMakeFiles/bldc-STM32G474CTB6.dir/FreeRTOS/Source/tasks.c.obj
                0x08007a60                vTaskPlaceOnEventList
 .text.vTaskPlaceOnEventListRestricted
                0x08007aac       0x58 CMakeFiles/bldc-STM32G474CTB6.dir/FreeRTOS/Source/tasks.c.obj
                0x08007aac                vTaskPlaceOnEventListRestricted
 .text.xTaskRemoveFromEventList
                0x08007b04       0xc8 CMakeFiles/bldc-STM32G474CTB6.dir/FreeRTOS/Source/tasks.c.obj
                0x08007b04                xTaskRemoveFromEventList
 .text.vTaskInternalSetTimeOutState
                0x08007bcc       0x2c CMakeFiles/bldc-STM32G474CTB6.dir/FreeRTOS/Source/tasks.c.obj
                0x08007bcc                vTaskInternalSetTimeOutState
 .text.xTaskCheckForTimeOut
                0x08007bf8       0xc8 CMakeFiles/bldc-STM32G474CTB6.dir/FreeRTOS/Source/tasks.c.obj
                0x08007bf8                xTaskCheckForTimeOut
 .text.vTaskMissedYield
                0x08007cc0       0x18 CMakeFiles/bldc-STM32G474CTB6.dir/FreeRTOS/Source/tasks.c.obj
                0x08007cc0                vTaskMissedYield
 .text.prvIdleTask
                0x08007cd8       0x30 CMakeFiles/bldc-STM32G474CTB6.dir/FreeRTOS/Source/tasks.c.obj
 .text.prvInitialiseTaskLists
                0x08007d08       0x80 CMakeFiles/bldc-STM32G474CTB6.dir/FreeRTOS/Source/tasks.c.obj
 .text.prvCheckTasksWaitingTermination
                0x08007d88       0x5c CMakeFiles/bldc-STM32G474CTB6.dir/FreeRTOS/Source/tasks.c.obj
 .text.prvDeleteTCB
                0x08007de4       0x60 CMakeFiles/bldc-STM32G474CTB6.dir/FreeRTOS/Source/tasks.c.obj
 .text.prvResetNextTaskUnblockTime
                0x08007e44       0x40 CMakeFiles/bldc-STM32G474CTB6.dir/FreeRTOS/Source/tasks.c.obj
 .text.xTaskGetSchedulerState
                0x08007e84       0x3c CMakeFiles/bldc-STM32G474CTB6.dir/FreeRTOS/Source/tasks.c.obj
                0x08007e84                xTaskGetSchedulerState
 .text.xTaskPriorityDisinherit
                0x08007ec0       0xe0 CMakeFiles/bldc-STM32G474CTB6.dir/FreeRTOS/Source/tasks.c.obj
                0x08007ec0                xTaskPriorityDisinherit
 .text.prvAddCurrentTaskToDelayedList
                0x08007fa0       0xa8 CMakeFiles/bldc-STM32G474CTB6.dir/FreeRTOS/Source/tasks.c.obj
 .text.xTimerCreateTimerTask
                0x08008048       0x94 CMakeFiles/bldc-STM32G474CTB6.dir/FreeRTOS/Source/timers.c.obj
                0x08008048                xTimerCreateTimerTask
 .text.xTimerGenericCommand
                0x080080dc       0x9c CMakeFiles/bldc-STM32G474CTB6.dir/FreeRTOS/Source/timers.c.obj
                0x080080dc                xTimerGenericCommand
 .text.prvProcessExpiredTimer
                0x08008178       0x9c CMakeFiles/bldc-STM32G474CTB6.dir/FreeRTOS/Source/timers.c.obj
 .text.prvTimerTask
                0x08008214       0x26 CMakeFiles/bldc-STM32G474CTB6.dir/FreeRTOS/Source/timers.c.obj
 *fill*         0x0800823a        0x2 
 .text.prvProcessTimerOrBlockTask
                0x0800823c       0x9c CMakeFiles/bldc-STM32G474CTB6.dir/FreeRTOS/Source/timers.c.obj
 .text.prvGetNextExpireTime
                0x080082d8       0x48 CMakeFiles/bldc-STM32G474CTB6.dir/FreeRTOS/Source/timers.c.obj
 .text.prvSampleTimeNow
                0x08008320       0x40 CMakeFiles/bldc-STM32G474CTB6.dir/FreeRTOS/Source/timers.c.obj
 .text.prvInsertTimerInActiveList
                0x08008360       0x84 CMakeFiles/bldc-STM32G474CTB6.dir/FreeRTOS/Source/timers.c.obj
 .text.prvProcessReceivedCommands
                0x080083e4      0x1cc CMakeFiles/bldc-STM32G474CTB6.dir/FreeRTOS/Source/timers.c.obj
 .text.prvSwitchTimerLists
                0x080085b0       0xcc CMakeFiles/bldc-STM32G474CTB6.dir/FreeRTOS/Source/timers.c.obj
 .text.prvCheckForValidListAndQueue
                0x0800867c       0x80 CMakeFiles/bldc-STM32G474CTB6.dir/FreeRTOS/Source/timers.c.obj
 .text.__NVIC_SetPriority
                0x080086fc       0x54 CMakeFiles/bldc-STM32G474CTB6.dir/FreeRTOS/Source/CMSIS_RTOS_V2/cmsis_os2.c.obj
 .text.SysTick_Handler
                0x08008750       0x20 CMakeFiles/bldc-STM32G474CTB6.dir/FreeRTOS/Source/CMSIS_RTOS_V2/cmsis_os2.c.obj
                0x08008750                SysTick_Handler
 .text.SVC_Setup
                0x08008770       0x12 CMakeFiles/bldc-STM32G474CTB6.dir/FreeRTOS/Source/CMSIS_RTOS_V2/cmsis_os2.c.obj
 *fill*         0x08008782        0x2 
 .text.osKernelInitialize
                0x08008784       0x48 CMakeFiles/bldc-STM32G474CTB6.dir/FreeRTOS/Source/CMSIS_RTOS_V2/cmsis_os2.c.obj
                0x08008784                osKernelInitialize
 .text.osKernelStart
                0x080087cc       0x4c CMakeFiles/bldc-STM32G474CTB6.dir/FreeRTOS/Source/CMSIS_RTOS_V2/cmsis_os2.c.obj
                0x080087cc                osKernelStart
 .text.osThreadNew
                0x08008818      0x124 CMakeFiles/bldc-STM32G474CTB6.dir/FreeRTOS/Source/CMSIS_RTOS_V2/cmsis_os2.c.obj
                0x08008818                osThreadNew
 .text.osDelay  0x0800893c       0x36 CMakeFiles/bldc-STM32G474CTB6.dir/FreeRTOS/Source/CMSIS_RTOS_V2/cmsis_os2.c.obj
                0x0800893c                osDelay
 *fill*         0x08008972        0x2 
 .text.vApplicationGetIdleTaskMemory
                0x08008974       0x34 CMakeFiles/bldc-STM32G474CTB6.dir/FreeRTOS/Source/CMSIS_RTOS_V2/cmsis_os2.c.obj
                0x08008974                vApplicationGetIdleTaskMemory
 .text.vApplicationGetTimerTaskMemory
                0x080089a8       0x34 CMakeFiles/bldc-STM32G474CTB6.dir/FreeRTOS/Source/CMSIS_RTOS_V2/cmsis_os2.c.obj
                0x080089a8                vApplicationGetTimerTaskMemory
 .text.pvPortMalloc
                0x080089dc      0x19c CMakeFiles/bldc-STM32G474CTB6.dir/FreeRTOS/Source/portable/MemMang/heap_4.c.obj
                0x080089dc                pvPortMalloc
 .text.vPortFree
                0x08008b78       0xc8 CMakeFiles/bldc-STM32G474CTB6.dir/FreeRTOS/Source/portable/MemMang/heap_4.c.obj
                0x08008b78                vPortFree
 .text.prvHeapInit
                0x08008c40       0xc4 CMakeFiles/bldc-STM32G474CTB6.dir/FreeRTOS/Source/portable/MemMang/heap_4.c.obj
 .text.prvInsertBlockIntoFreeList
                0x08008d04       0xb4 CMakeFiles/bldc-STM32G474CTB6.dir/FreeRTOS/Source/portable/MemMang/heap_4.c.obj
 .text.pxPortInitialiseStack
                0x08008db8       0x68 CMakeFiles/bldc-STM32G474CTB6.dir/FreeRTOS/Source/portable/GCC/ARM_CM4F/port.c.obj
                0x08008db8                pxPortInitialiseStack
 .text.prvTaskExitError
                0x08008e20       0x5c CMakeFiles/bldc-STM32G474CTB6.dir/FreeRTOS/Source/portable/GCC/ARM_CM4F/port.c.obj
 *fill*         0x08008e7c        0x4 
 .text.SVC_Handler
                0x08008e80       0x28 CMakeFiles/bldc-STM32G474CTB6.dir/FreeRTOS/Source/portable/GCC/ARM_CM4F/port.c.obj
                0x08008e80                SVC_Handler
 .text.prvPortStartFirstTask
                0x08008ea8       0x28 CMakeFiles/bldc-STM32G474CTB6.dir/FreeRTOS/Source/portable/GCC/ARM_CM4F/port.c.obj
 .text.xPortStartScheduler
                0x08008ed0      0x148 CMakeFiles/bldc-STM32G474CTB6.dir/FreeRTOS/Source/portable/GCC/ARM_CM4F/port.c.obj
                0x08008ed0                xPortStartScheduler
 .text.vPortEnterCritical
                0x08009018       0x64 CMakeFiles/bldc-STM32G474CTB6.dir/FreeRTOS/Source/portable/GCC/ARM_CM4F/port.c.obj
                0x08009018                vPortEnterCritical
 .text.vPortExitCritical
                0x0800907c       0x54 CMakeFiles/bldc-STM32G474CTB6.dir/FreeRTOS/Source/portable/GCC/ARM_CM4F/port.c.obj
                0x0800907c                vPortExitCritical
 .text.PendSV_Handler
                0x080090d0       0x68 CMakeFiles/bldc-STM32G474CTB6.dir/FreeRTOS/Source/portable/GCC/ARM_CM4F/port.c.obj
                0x080090d0                PendSV_Handler
 .text.xPortSysTickHandler
                0x08009138       0x44 CMakeFiles/bldc-STM32G474CTB6.dir/FreeRTOS/Source/portable/GCC/ARM_CM4F/port.c.obj
                0x08009138                xPortSysTickHandler
 .text.vPortSetupTimerInterrupt
                0x0800917c       0x48 CMakeFiles/bldc-STM32G474CTB6.dir/FreeRTOS/Source/portable/GCC/ARM_CM4F/port.c.obj
                0x0800917c                vPortSetupTimerInterrupt
 .text.vPortEnableVFP
                0x080091c4       0x14 CMakeFiles/bldc-STM32G474CTB6.dir/FreeRTOS/Source/portable/GCC/ARM_CM4F/port.c.obj
 .text.vPortValidateInterruptPriority
                0x080091d8       0x84 CMakeFiles/bldc-STM32G474CTB6.dir/FreeRTOS/Source/portable/GCC/ARM_CM4F/port.c.obj
                0x080091d8                vPortValidateInterruptPriority
 .text.SystemInit
                0x0800925c       0x24 CMakeFiles/bldc-STM32G474CTB6.dir/CMSIS/system_stm32g4xx.c.obj
                0x0800925c                SystemInit
 .text.Reset_Handler
                0x08009280       0x50 CMakeFiles/bldc-STM32G474CTB6.dir/CMSIS/startup_stm32g474xx.s.obj
                0x08009280                Reset_Handler
 .text.Default_Handler
                0x080092d0        0x2 CMakeFiles/bldc-STM32G474CTB6.dir/CMSIS/startup_stm32g474xx.s.obj
                0x080092d0                RTC_Alarm_IRQHandler
                0x080092d0                EXTI2_IRQHandler
                0x080092d0                TIM8_TRG_COM_IRQHandler
                0x080092d0                TIM8_CC_IRQHandler
                0x080092d0                HRTIM1_Master_IRQHandler
                0x080092d0                SPI4_IRQHandler
                0x080092d0                FDCAN3_IT0_IRQHandler
                0x080092d0                TIM1_CC_IRQHandler
                0x080092d0                HRTIM1_FLT_IRQHandler
                0x080092d0                HRTIM1_TIMF_IRQHandler
                0x080092d0                USB_HP_IRQHandler
                0x080092d0                CORDIC_IRQHandler
                0x080092d0                HRTIM1_TIMD_IRQHandler
                0x080092d0                DMA2_Channel8_IRQHandler
                0x080092d0                EXTI3_IRQHandler
                0x080092d0                I2C3_ER_IRQHandler
                0x080092d0                EXTI0_IRQHandler
                0x080092d0                I2C2_EV_IRQHandler
                0x080092d0                FPU_IRQHandler
                0x080092d0                FDCAN1_IT1_IRQHandler
                0x080092d0                TIM1_UP_TIM16_IRQHandler
                0x080092d0                ADC1_2_IRQHandler
                0x080092d0                HRTIM1_TIME_IRQHandler
                0x080092d0                SPI1_IRQHandler
                0x080092d0                TIM6_DAC_IRQHandler
                0x080092d0                HRTIM1_TIMC_IRQHandler
                0x080092d0                TIM8_UP_IRQHandler
                0x080092d0                DMA2_Channel2_IRQHandler
                0x080092d0                DMA1_Channel4_IRQHandler
                0x080092d0                TIM20_TRG_COM_IRQHandler
                0x080092d0                USART3_IRQHandler
                0x080092d0                DMA1_Channel7_IRQHandler
                0x080092d0                UART5_IRQHandler
                0x080092d0                ADC3_IRQHandler
                0x080092d0                TIM4_IRQHandler
                0x080092d0                DMA2_Channel1_IRQHandler
                0x080092d0                QUADSPI_IRQHandler
                0x080092d0                I2C1_EV_IRQHandler
                0x080092d0                DMA1_Channel6_IRQHandler
                0x080092d0                UART4_IRQHandler
                0x080092d0                DMA2_Channel4_IRQHandler
                0x080092d0                TIM3_IRQHandler
                0x080092d0                RCC_IRQHandler
                0x080092d0                TIM20_UP_IRQHandler
                0x080092d0                DMA1_Channel1_IRQHandler
                0x080092d0                Default_Handler
                0x080092d0                DMA2_Channel7_IRQHandler
                0x080092d0                RTC_TAMP_LSECSS_IRQHandler
                0x080092d0                FMAC_IRQHandler
                0x080092d0                EXTI15_10_IRQHandler
                0x080092d0                DMA1_Channel8_IRQHandler
                0x080092d0                HRTIM1_TIMA_IRQHandler
                0x080092d0                TIM7_DAC_IRQHandler
                0x080092d0                FDCAN3_IT1_IRQHandler
                0x080092d0                TIM5_IRQHandler
                0x080092d0                UCPD1_IRQHandler
                0x080092d0                I2C3_EV_IRQHandler
                0x080092d0                EXTI9_5_IRQHandler
                0x080092d0                RTC_WKUP_IRQHandler
                0x080092d0                PVD_PVM_IRQHandler
                0x080092d0                SPI2_IRQHandler
                0x080092d0                ADC5_IRQHandler
                0x080092d0                DMA2_Channel5_IRQHandler
                0x080092d0                CRS_IRQHandler
                0x080092d0                DMA1_Channel5_IRQHandler
                0x080092d0                USB_LP_IRQHandler
                0x080092d0                EXTI4_IRQHandler
                0x080092d0                RNG_IRQHandler
                0x080092d0                HRTIM1_TIMB_IRQHandler
                0x080092d0                TIM1_TRG_COM_TIM17_IRQHandler
                0x080092d0                FDCAN2_IT1_IRQHandler
                0x080092d0                DMA1_Channel3_IRQHandler
                0x080092d0                ADC4_IRQHandler
                0x080092d0                WWDG_IRQHandler
                0x080092d0                I2C4_EV_IRQHandler
                0x080092d0                FDCAN2_IT0_IRQHandler
                0x080092d0                LPUART1_IRQHandler
                0x080092d0                DMA2_Channel6_IRQHandler
                0x080092d0                FDCAN1_IT0_IRQHandler
                0x080092d0                COMP7_IRQHandler
                0x080092d0                COMP1_2_3_IRQHandler
                0x080092d0                EXTI1_IRQHandler
                0x080092d0                USART2_IRQHandler
                0x080092d0                COMP4_5_6_IRQHandler
                0x080092d0                TIM20_BRK_IRQHandler
                0x080092d0                I2C2_ER_IRQHandler
                0x080092d0                DMA1_Channel2_IRQHandler
                0x080092d0                TIM8_BRK_IRQHandler
                0x080092d0                FLASH_IRQHandler
                0x080092d0                TIM20_CC_IRQHandler
                0x080092d0                USART1_IRQHandler
                0x080092d0                SPI3_IRQHandler
                0x080092d0                I2C1_ER_IRQHandler
                0x080092d0                FMC_IRQHandler
                0x080092d0                LPTIM1_IRQHandler
                0x080092d0                DMAMUX_OVR_IRQHandler
                0x080092d0                I2C4_ER_IRQHandler
                0x080092d0                USBWakeUp_IRQHandler
                0x080092d0                SAI1_IRQHandler
                0x080092d0                DMA2_Channel3_IRQHandler
                0x080092d0                TIM1_BRK_TIM15_IRQHandler
 .text.memset   0x080092d2       0x10 /usr/lib/gcc/arm-none-eabi/14.2.0/../../../../arm-none-eabi/lib/thumb/v7e-m+fp/hard/libc_nano.a(libc_a-memset.o)
                0x080092d2                memset
 *fill*         0x080092e2        0x2 
 .text.__libc_init_array
                0x080092e4       0x48 /usr/lib/gcc/arm-none-eabi/14.2.0/../../../../arm-none-eabi/lib/thumb/v7e-m+fp/hard/libc_nano.a(libc_a-init.o)
                0x080092e4                __libc_init_array
 .text.memcpy   0x0800932c       0x1c /usr/lib/gcc/arm-none-eabi/14.2.0/../../../../arm-none-eabi/lib/thumb/v7e-m+fp/hard/libc_nano.a(libc_a-memcpy-stub.o)
                0x0800932c                memcpy
 .text.__udivmoddi4
                0x08009348      0x2bc /usr/lib/gcc/arm-none-eabi/14.2.0/thumb/v7e-m+fp/hard/libgcc.a(_udivmoddi4.o)
                0x08009348                __udivmoddi4
 *(.glue_7)
 .glue_7        0x08009604        0x0 linker stubs
 *(.glue_7t)
 .glue_7t       0x08009604        0x0 linker stubs
 *(.eh_frame)
 .eh_frame      0x08009604        0x0 /usr/lib/gcc/arm-none-eabi/14.2.0/thumb/v7e-m+fp/hard/crtbegin.o
 *(.init)
 .init          0x08009604        0x4 /usr/lib/gcc/arm-none-eabi/14.2.0/thumb/v7e-m+fp/hard/crti.o
                0x08009604                _init
 .init          0x08009608        0x8 /usr/lib/gcc/arm-none-eabi/14.2.0/thumb/v7e-m+fp/hard/crtn.o
 *(.fini)
 .fini          0x08009610        0x4 /usr/lib/gcc/arm-none-eabi/14.2.0/thumb/v7e-m+fp/hard/crti.o
                0x08009610                _fini
 .fini          0x08009614        0x8 /usr/lib/gcc/arm-none-eabi/14.2.0/thumb/v7e-m+fp/hard/crtn.o
                0x0800961c                        . = ALIGN (0x4)
                0x0800961c                        _etext = .

.vfp11_veneer   0x0800961c        0x0
 .vfp11_veneer  0x0800961c        0x0 linker stubs

.v4_bx          0x0800961c        0x0
 .v4_bx         0x0800961c        0x0 linker stubs

.iplt           0x0800961c        0x0
 .iplt          0x0800961c        0x0 /usr/lib/gcc/arm-none-eabi/14.2.0/thumb/v7e-m+fp/hard/crtbegin.o

.rodata         0x0800961c       0x88
                0x0800961c                        . = ALIGN (0x4)
 *(.rodata)
 .rodata        0x0800961c        0xc CMakeFiles/bldc-STM32G474CTB6.dir/Core/Src/app_freertos.c.obj
 .rodata        0x08009628        0x5 CMakeFiles/bldc-STM32G474CTB6.dir/FreeRTOS/Source/tasks.c.obj
 *fill*         0x0800962d        0x3 
 .rodata        0x08009630        0xd CMakeFiles/bldc-STM32G474CTB6.dir/FreeRTOS/Source/timers.c.obj
 *(.rodata*)
 *fill*         0x0800963d        0x3 
 .rodata.defaultTask_attributes
                0x08009640       0x24 CMakeFiles/bldc-STM32G474CTB6.dir/Core/Src/app_freertos.c.obj
                0x08009640                defaultTask_attributes
 .rodata.UARTPrescTable
                0x08009664       0x18 CMakeFiles/bldc-STM32G474CTB6.dir/STM32G4xx_HAL_Driver/Src/stm32g4xx_hal_uart.c.obj
                0x08009664                UARTPrescTable
 .rodata.numerator.1
                0x0800967c        0x8 CMakeFiles/bldc-STM32G474CTB6.dir/STM32G4xx_HAL_Driver/Src/stm32g4xx_hal_uart_ex.c.obj
 .rodata.denominator.0
                0x08009684        0x8 CMakeFiles/bldc-STM32G474CTB6.dir/STM32G4xx_HAL_Driver/Src/stm32g4xx_hal_uart_ex.c.obj
 .rodata.AHBPrescTable
                0x0800968c       0x10 CMakeFiles/bldc-STM32G474CTB6.dir/CMSIS/system_stm32g4xx.c.obj
                0x0800968c                AHBPrescTable
 .rodata.APBPrescTable
                0x0800969c        0x8 CMakeFiles/bldc-STM32G474CTB6.dir/CMSIS/system_stm32g4xx.c.obj
                0x0800969c                APBPrescTable
                0x080096a4                        . = ALIGN (0x4)

.ARM.extab
 *(.ARM.extab* .gnu.linkonce.armextab.*)

.ARM            0x080096a4        0x8
                0x080096a4                        __exidx_start = .
 *(.ARM.exidx*)
 .ARM.exidx.text.__udivmoddi4
                0x080096a4        0x8 /usr/lib/gcc/arm-none-eabi/14.2.0/thumb/v7e-m+fp/hard/libgcc.a(_udivmoddi4.o)
                0x080096ac                        __exidx_end = .

.rel.dyn        0x080096ac        0x0
 .rel.iplt      0x080096ac        0x0 /usr/lib/gcc/arm-none-eabi/14.2.0/thumb/v7e-m+fp/hard/crtbegin.o

.preinit_array  0x080096ac        0x0
                0x080096ac                        PROVIDE (__preinit_array_start = .)
 *(.preinit_array*)
                0x080096ac                        PROVIDE (__preinit_array_end = .)

.init_array     0x080096ac        0x4
                0x080096ac                        PROVIDE (__init_array_start = .)
 *(SORT_BY_NAME(.init_array.*))
 *(.init_array*)
 .init_array    0x080096ac        0x4 /usr/lib/gcc/arm-none-eabi/14.2.0/thumb/v7e-m+fp/hard/crtbegin.o
                0x080096b0                        PROVIDE (__init_array_end = .)

.fini_array     0x080096b0        0x4
                0x080096b0                        PROVIDE (__fini_array_start = .)
 *(SORT_BY_NAME(.fini_array.*))
 *(.fini_array*)
 .fini_array    0x080096b0        0x4 /usr/lib/gcc/arm-none-eabi/14.2.0/thumb/v7e-m+fp/hard/crtbegin.o
                0x080096b4                        PROVIDE (__fini_array_end = .)
                0x080096b4                        _sidata = LOADADDR (.data)

.data           0x20000000       0x10 load address 0x080096b4
                0x20000000                        . = ALIGN (0x4)
                0x20000000                        _sdata = .
 *(.data)
 *(.data*)
 .data.uwTickPrio
                0x20000000        0x4 CMakeFiles/bldc-STM32G474CTB6.dir/STM32G4xx_HAL_Driver/Src/stm32g4xx_hal.c.obj
                0x20000000                uwTickPrio
 .data.uwTickFreq
                0x20000004        0x4 CMakeFiles/bldc-STM32G474CTB6.dir/STM32G4xx_HAL_Driver/Src/stm32g4xx_hal.c.obj
                0x20000004                uwTickFreq
 .data.uxCriticalNesting
                0x20000008        0x4 CMakeFiles/bldc-STM32G474CTB6.dir/FreeRTOS/Source/portable/GCC/ARM_CM4F/port.c.obj
 .data.SystemCoreClock
                0x2000000c        0x4 CMakeFiles/bldc-STM32G474CTB6.dir/CMSIS/system_stm32g4xx.c.obj
                0x2000000c                SystemCoreClock
                0x20000010                        . = ALIGN (0x4)
                0x20000010                        _edata = .

.igot.plt       0x20000010        0x0 load address 0x080096c4
 .igot.plt      0x20000010        0x0 /usr/lib/gcc/arm-none-eabi/14.2.0/thumb/v7e-m+fp/hard/crtbegin.o
                0x20000010                        . = ALIGN (0x4)

.bss            0x20000010     0x20bc load address 0x080096c4
                0x20000010                        _sbss = .
                0x20000010                        __bss_start__ = _sbss
 *(.bss)
 *(.bss*)
 .bss.completed.1
                0x20000010        0x1 /usr/lib/gcc/arm-none-eabi/14.2.0/thumb/v7e-m+fp/hard/crtbegin.o
 *fill*         0x20000011        0x3 
 .bss.object.0  0x20000014       0x18 /usr/lib/gcc/arm-none-eabi/14.2.0/thumb/v7e-m+fp/hard/crtbegin.o
 .bss.defaultTaskHandle
                0x2000002c        0x4 CMakeFiles/bldc-STM32G474CTB6.dir/Core/Src/app_freertos.c.obj
                0x2000002c                defaultTaskHandle
 .bss.hadc1     0x20000030       0x6c CMakeFiles/bldc-STM32G474CTB6.dir/Core/Src/adc.c.obj
                0x20000030                hadc1
 .bss.hadc2     0x2000009c       0x6c CMakeFiles/bldc-STM32G474CTB6.dir/Core/Src/adc.c.obj
                0x2000009c                hadc2
 .bss.HAL_RCC_ADC12_CLK_ENABLED
                0x20000108        0x4 CMakeFiles/bldc-STM32G474CTB6.dir/Core/Src/adc.c.obj
 .bss.hfdcan2   0x2000010c       0x64 CMakeFiles/bldc-STM32G474CTB6.dir/Core/Src/fdcan.c.obj
                0x2000010c                hfdcan2
 .bss.hi2c1     0x20000170       0x54 CMakeFiles/bldc-STM32G474CTB6.dir/Core/Src/i2c.c.obj
                0x20000170                hi2c1
 .bss.hopamp1   0x200001c4       0x3c CMakeFiles/bldc-STM32G474CTB6.dir/Core/Src/opamp.c.obj
                0x200001c4                hopamp1
 .bss.hopamp2   0x20000200       0x3c CMakeFiles/bldc-STM32G474CTB6.dir/Core/Src/opamp.c.obj
                0x20000200                hopamp2
 .bss.hopamp3   0x2000023c       0x3c CMakeFiles/bldc-STM32G474CTB6.dir/Core/Src/opamp.c.obj
                0x2000023c                hopamp3
 .bss.hspi1     0x20000278       0x64 CMakeFiles/bldc-STM32G474CTB6.dir/Core/Src/spi.c.obj
                0x20000278                hspi1
 .bss.htim1     0x200002dc       0x4c CMakeFiles/bldc-STM32G474CTB6.dir/Core/Src/tim.c.obj
                0x200002dc                htim1
 .bss.huart1    0x20000328       0x94 CMakeFiles/bldc-STM32G474CTB6.dir/Core/Src/usart.c.obj
                0x20000328                huart1
 .bss.huart2    0x200003bc       0x94 CMakeFiles/bldc-STM32G474CTB6.dir/Core/Src/usart.c.obj
                0x200003bc                huart2
 .bss.hpcd_USB_FS
                0x20000450      0x2dc CMakeFiles/bldc-STM32G474CTB6.dir/Core/Src/usb.c.obj
                0x20000450                hpcd_USB_FS
 .bss.htim2     0x2000072c       0x4c CMakeFiles/bldc-STM32G474CTB6.dir/Core/Src/stm32g4xx_hal_timebase_tim.c.obj
                0x2000072c                htim2
 .bss.uwTick    0x20000778        0x4 CMakeFiles/bldc-STM32G474CTB6.dir/STM32G4xx_HAL_Driver/Src/stm32g4xx_hal.c.obj
                0x20000778                uwTick
 .bss.xQueueRegistry
                0x2000077c       0x40 CMakeFiles/bldc-STM32G474CTB6.dir/FreeRTOS/Source/queue.c.obj
                0x2000077c                xQueueRegistry
 .bss.pxCurrentTCB
                0x200007bc        0x4 CMakeFiles/bldc-STM32G474CTB6.dir/FreeRTOS/Source/tasks.c.obj
                0x200007bc                pxCurrentTCB
 .bss.pxReadyTasksLists
                0x200007c0      0x460 CMakeFiles/bldc-STM32G474CTB6.dir/FreeRTOS/Source/tasks.c.obj
 .bss.xDelayedTaskList1
                0x20000c20       0x14 CMakeFiles/bldc-STM32G474CTB6.dir/FreeRTOS/Source/tasks.c.obj
 .bss.xDelayedTaskList2
                0x20000c34       0x14 CMakeFiles/bldc-STM32G474CTB6.dir/FreeRTOS/Source/tasks.c.obj
 .bss.pxDelayedTaskList
                0x20000c48        0x4 CMakeFiles/bldc-STM32G474CTB6.dir/FreeRTOS/Source/tasks.c.obj
 .bss.pxOverflowDelayedTaskList
                0x20000c4c        0x4 CMakeFiles/bldc-STM32G474CTB6.dir/FreeRTOS/Source/tasks.c.obj
 .bss.xPendingReadyList
                0x20000c50       0x14 CMakeFiles/bldc-STM32G474CTB6.dir/FreeRTOS/Source/tasks.c.obj
 .bss.xTasksWaitingTermination
                0x20000c64       0x14 CMakeFiles/bldc-STM32G474CTB6.dir/FreeRTOS/Source/tasks.c.obj
 .bss.uxDeletedTasksWaitingCleanUp
                0x20000c78        0x4 CMakeFiles/bldc-STM32G474CTB6.dir/FreeRTOS/Source/tasks.c.obj
 .bss.xSuspendedTaskList
                0x20000c7c       0x14 CMakeFiles/bldc-STM32G474CTB6.dir/FreeRTOS/Source/tasks.c.obj
 .bss.uxCurrentNumberOfTasks
                0x20000c90        0x4 CMakeFiles/bldc-STM32G474CTB6.dir/FreeRTOS/Source/tasks.c.obj
 .bss.xTickCount
                0x20000c94        0x4 CMakeFiles/bldc-STM32G474CTB6.dir/FreeRTOS/Source/tasks.c.obj
 .bss.uxTopReadyPriority
                0x20000c98        0x4 CMakeFiles/bldc-STM32G474CTB6.dir/FreeRTOS/Source/tasks.c.obj
 .bss.xSchedulerRunning
                0x20000c9c        0x4 CMakeFiles/bldc-STM32G474CTB6.dir/FreeRTOS/Source/tasks.c.obj
 .bss.xPendedTicks
                0x20000ca0        0x4 CMakeFiles/bldc-STM32G474CTB6.dir/FreeRTOS/Source/tasks.c.obj
 .bss.xYieldPending
                0x20000ca4        0x4 CMakeFiles/bldc-STM32G474CTB6.dir/FreeRTOS/Source/tasks.c.obj
 .bss.xNumOfOverflows
                0x20000ca8        0x4 CMakeFiles/bldc-STM32G474CTB6.dir/FreeRTOS/Source/tasks.c.obj
 .bss.uxTaskNumber
                0x20000cac        0x4 CMakeFiles/bldc-STM32G474CTB6.dir/FreeRTOS/Source/tasks.c.obj
 .bss.xNextTaskUnblockTime
                0x20000cb0        0x4 CMakeFiles/bldc-STM32G474CTB6.dir/FreeRTOS/Source/tasks.c.obj
 .bss.xIdleTaskHandle
                0x20000cb4        0x4 CMakeFiles/bldc-STM32G474CTB6.dir/FreeRTOS/Source/tasks.c.obj
 .bss.uxSchedulerSuspended
                0x20000cb8        0x4 CMakeFiles/bldc-STM32G474CTB6.dir/FreeRTOS/Source/tasks.c.obj
 .bss.xActiveTimerList1
                0x20000cbc       0x14 CMakeFiles/bldc-STM32G474CTB6.dir/FreeRTOS/Source/timers.c.obj
 .bss.xActiveTimerList2
                0x20000cd0       0x14 CMakeFiles/bldc-STM32G474CTB6.dir/FreeRTOS/Source/timers.c.obj
 .bss.pxCurrentTimerList
                0x20000ce4        0x4 CMakeFiles/bldc-STM32G474CTB6.dir/FreeRTOS/Source/timers.c.obj
 .bss.pxOverflowTimerList
                0x20000ce8        0x4 CMakeFiles/bldc-STM32G474CTB6.dir/FreeRTOS/Source/timers.c.obj
 .bss.xTimerQueue
                0x20000cec        0x4 CMakeFiles/bldc-STM32G474CTB6.dir/FreeRTOS/Source/timers.c.obj
 .bss.xTimerTaskHandle
                0x20000cf0        0x4 CMakeFiles/bldc-STM32G474CTB6.dir/FreeRTOS/Source/timers.c.obj
 .bss.xLastTime.2
                0x20000cf4        0x4 CMakeFiles/bldc-STM32G474CTB6.dir/FreeRTOS/Source/timers.c.obj
 .bss.ucStaticTimerQueueStorage.1
                0x20000cf8       0xa0 CMakeFiles/bldc-STM32G474CTB6.dir/FreeRTOS/Source/timers.c.obj
 .bss.xStaticTimerQueue.0
                0x20000d98       0x50 CMakeFiles/bldc-STM32G474CTB6.dir/FreeRTOS/Source/timers.c.obj
 .bss.KernelState
                0x20000de8        0x4 CMakeFiles/bldc-STM32G474CTB6.dir/FreeRTOS/Source/CMSIS_RTOS_V2/cmsis_os2.c.obj
 .bss.Idle_TCB.3
                0x20000dec       0x5c CMakeFiles/bldc-STM32G474CTB6.dir/FreeRTOS/Source/CMSIS_RTOS_V2/cmsis_os2.c.obj
 .bss.Idle_Stack.2
                0x20000e48      0x200 CMakeFiles/bldc-STM32G474CTB6.dir/FreeRTOS/Source/CMSIS_RTOS_V2/cmsis_os2.c.obj
 .bss.Timer_TCB.1
                0x20001048       0x5c CMakeFiles/bldc-STM32G474CTB6.dir/FreeRTOS/Source/CMSIS_RTOS_V2/cmsis_os2.c.obj
 .bss.Timer_Stack.0
                0x200010a4      0x400 CMakeFiles/bldc-STM32G474CTB6.dir/FreeRTOS/Source/CMSIS_RTOS_V2/cmsis_os2.c.obj
 .bss.ucHeap    0x200014a4      0xc00 CMakeFiles/bldc-STM32G474CTB6.dir/FreeRTOS/Source/portable/MemMang/heap_4.c.obj
 .bss.xStart    0x200020a4        0x8 CMakeFiles/bldc-STM32G474CTB6.dir/FreeRTOS/Source/portable/MemMang/heap_4.c.obj
 .bss.pxEnd     0x200020ac        0x4 CMakeFiles/bldc-STM32G474CTB6.dir/FreeRTOS/Source/portable/MemMang/heap_4.c.obj
 .bss.xFreeBytesRemaining
                0x200020b0        0x4 CMakeFiles/bldc-STM32G474CTB6.dir/FreeRTOS/Source/portable/MemMang/heap_4.c.obj
 .bss.xMinimumEverFreeBytesRemaining
                0x200020b4        0x4 CMakeFiles/bldc-STM32G474CTB6.dir/FreeRTOS/Source/portable/MemMang/heap_4.c.obj
 .bss.xNumberOfSuccessfulAllocations
                0x200020b8        0x4 CMakeFiles/bldc-STM32G474CTB6.dir/FreeRTOS/Source/portable/MemMang/heap_4.c.obj
 .bss.xNumberOfSuccessfulFrees
                0x200020bc        0x4 CMakeFiles/bldc-STM32G474CTB6.dir/FreeRTOS/Source/portable/MemMang/heap_4.c.obj
 .bss.xBlockAllocatedBit
                0x200020c0        0x4 CMakeFiles/bldc-STM32G474CTB6.dir/FreeRTOS/Source/portable/MemMang/heap_4.c.obj
 .bss.ucMaxSysCallPriority
                0x200020c4        0x1 CMakeFiles/bldc-STM32G474CTB6.dir/FreeRTOS/Source/portable/GCC/ARM_CM4F/port.c.obj
 *fill*         0x200020c5        0x3 
 .bss.ulMaxPRIGROUPValue
                0x200020c8        0x4 CMakeFiles/bldc-STM32G474CTB6.dir/FreeRTOS/Source/portable/GCC/ARM_CM4F/port.c.obj
 *(COMMON)
                0x200020cc                        . = ALIGN (0x4)
                0x200020cc                        _ebss = .
                0x200020cc                        __bss_end__ = _ebss

._user_heap_stack
                0x200020cc      0x604 load address 0x080096c4
                0x200020d0                        . = ALIGN (0x8)
 *fill*         0x200020cc        0x4 
                [!provide]                        PROVIDE (end = .)
                0x200020d0                        PROVIDE (_end = .)
                0x200022d0                        . = (. + _Min_Heap_Size)
 *fill*         0x200020d0      0x200 
                0x200026d0                        . = (. + _Min_Stack_Size)
 *fill*         0x200022d0      0x400 
                0x200026d0                        . = ALIGN (0x8)

/DISCARD/
 libc.a(*)
 libm.a(*)
 libgcc.a(*)
OUTPUT(bldc-STM32G474CTB6.elf elf32-littlearm)
LOAD linker stubs
LOAD /usr/lib/gcc/arm-none-eabi/14.2.0/../../../../arm-none-eabi/lib/thumb/v7e-m+fp/hard/libc.a
LOAD /usr/lib/gcc/arm-none-eabi/14.2.0/../../../../arm-none-eabi/lib/thumb/v7e-m+fp/hard/libm.a
LOAD /usr/lib/gcc/arm-none-eabi/14.2.0/thumb/v7e-m+fp/hard/libgcc.a

.ARM.attributes
                0x00000000       0x30
 .ARM.attributes
                0x00000000       0x22 /usr/lib/gcc/arm-none-eabi/14.2.0/thumb/v7e-m+fp/hard/crti.o
 .ARM.attributes
                0x00000022       0x34 /usr/lib/gcc/arm-none-eabi/14.2.0/thumb/v7e-m+fp/hard/crtbegin.o
 .ARM.attributes
                0x00000056       0x34 CMakeFiles/bldc-STM32G474CTB6.dir/Core/Src/main.c.obj
 .ARM.attributes
                0x0000008a       0x34 CMakeFiles/bldc-STM32G474CTB6.dir/Core/Src/gpio.c.obj
 .ARM.attributes
                0x000000be       0x34 CMakeFiles/bldc-STM32G474CTB6.dir/Core/Src/app_freertos.c.obj
 .ARM.attributes
                0x000000f2       0x34 CMakeFiles/bldc-STM32G474CTB6.dir/Core/Src/adc.c.obj
 .ARM.attributes
                0x00000126       0x34 CMakeFiles/bldc-STM32G474CTB6.dir/Core/Src/fdcan.c.obj
 .ARM.attributes
                0x0000015a       0x34 CMakeFiles/bldc-STM32G474CTB6.dir/Core/Src/i2c.c.obj
 .ARM.attributes
                0x0000018e       0x34 CMakeFiles/bldc-STM32G474CTB6.dir/Core/Src/opamp.c.obj
 .ARM.attributes
                0x000001c2       0x34 CMakeFiles/bldc-STM32G474CTB6.dir/Core/Src/spi.c.obj
 .ARM.attributes
                0x000001f6       0x34 CMakeFiles/bldc-STM32G474CTB6.dir/Core/Src/tim.c.obj
 .ARM.attributes
                0x0000022a       0x34 CMakeFiles/bldc-STM32G474CTB6.dir/Core/Src/usart.c.obj
 .ARM.attributes
                0x0000025e       0x34 CMakeFiles/bldc-STM32G474CTB6.dir/Core/Src/usb.c.obj
 .ARM.attributes
                0x00000292       0x34 CMakeFiles/bldc-STM32G474CTB6.dir/Core/Src/stm32g4xx_it.c.obj
 .ARM.attributes
                0x000002c6       0x34 CMakeFiles/bldc-STM32G474CTB6.dir/Core/Src/stm32g4xx_hal_msp.c.obj
 .ARM.attributes
                0x000002fa       0x34 CMakeFiles/bldc-STM32G474CTB6.dir/Core/Src/stm32g4xx_hal_timebase_tim.c.obj
 .ARM.attributes
                0x0000032e       0x34 CMakeFiles/bldc-STM32G474CTB6.dir/STM32G4xx_HAL_Driver/Src/stm32g4xx_hal_tim.c.obj
 .ARM.attributes
                0x00000362       0x34 CMakeFiles/bldc-STM32G474CTB6.dir/STM32G4xx_HAL_Driver/Src/stm32g4xx_hal_tim_ex.c.obj
 .ARM.attributes
                0x00000396       0x34 CMakeFiles/bldc-STM32G474CTB6.dir/STM32G4xx_HAL_Driver/Src/stm32g4xx_hal_adc.c.obj
 .ARM.attributes
                0x000003ca       0x34 CMakeFiles/bldc-STM32G474CTB6.dir/STM32G4xx_HAL_Driver/Src/stm32g4xx_hal_adc_ex.c.obj
 .ARM.attributes
                0x000003fe       0x34 CMakeFiles/bldc-STM32G474CTB6.dir/STM32G4xx_HAL_Driver/Src/stm32g4xx_hal.c.obj
 .ARM.attributes
                0x00000432       0x34 CMakeFiles/bldc-STM32G474CTB6.dir/STM32G4xx_HAL_Driver/Src/stm32g4xx_hal_rcc.c.obj
 .ARM.attributes
                0x00000466       0x34 CMakeFiles/bldc-STM32G474CTB6.dir/STM32G4xx_HAL_Driver/Src/stm32g4xx_hal_rcc_ex.c.obj
 .ARM.attributes
                0x0000049a       0x34 CMakeFiles/bldc-STM32G474CTB6.dir/STM32G4xx_HAL_Driver/Src/stm32g4xx_hal_gpio.c.obj
 .ARM.attributes
                0x000004ce       0x34 CMakeFiles/bldc-STM32G474CTB6.dir/STM32G4xx_HAL_Driver/Src/stm32g4xx_hal_pwr_ex.c.obj
 .ARM.attributes
                0x00000502       0x34 CMakeFiles/bldc-STM32G474CTB6.dir/STM32G4xx_HAL_Driver/Src/stm32g4xx_hal_cortex.c.obj
 .ARM.attributes
                0x00000536       0x34 CMakeFiles/bldc-STM32G474CTB6.dir/STM32G4xx_HAL_Driver/Src/stm32g4xx_hal_fdcan.c.obj
 .ARM.attributes
                0x0000056a       0x34 CMakeFiles/bldc-STM32G474CTB6.dir/STM32G4xx_HAL_Driver/Src/stm32g4xx_hal_i2c.c.obj
 .ARM.attributes
                0x0000059e       0x34 CMakeFiles/bldc-STM32G474CTB6.dir/STM32G4xx_HAL_Driver/Src/stm32g4xx_hal_i2c_ex.c.obj
 .ARM.attributes
                0x000005d2       0x34 CMakeFiles/bldc-STM32G474CTB6.dir/STM32G4xx_HAL_Driver/Src/stm32g4xx_hal_opamp.c.obj
 .ARM.attributes
                0x00000606       0x34 CMakeFiles/bldc-STM32G474CTB6.dir/STM32G4xx_HAL_Driver/Src/stm32g4xx_hal_spi.c.obj
 .ARM.attributes
                0x0000063a       0x34 CMakeFiles/bldc-STM32G474CTB6.dir/STM32G4xx_HAL_Driver/Src/stm32g4xx_hal_uart.c.obj
 .ARM.attributes
                0x0000066e       0x34 CMakeFiles/bldc-STM32G474CTB6.dir/STM32G4xx_HAL_Driver/Src/stm32g4xx_hal_uart_ex.c.obj
 .ARM.attributes
                0x000006a2       0x34 CMakeFiles/bldc-STM32G474CTB6.dir/STM32G4xx_HAL_Driver/Src/stm32g4xx_hal_pcd.c.obj
 .ARM.attributes
                0x000006d6       0x34 CMakeFiles/bldc-STM32G474CTB6.dir/STM32G4xx_HAL_Driver/Src/stm32g4xx_hal_pcd_ex.c.obj
 .ARM.attributes
                0x0000070a       0x34 CMakeFiles/bldc-STM32G474CTB6.dir/STM32G4xx_HAL_Driver/Src/stm32g4xx_ll_usb.c.obj
 .ARM.attributes
                0x0000073e       0x34 CMakeFiles/bldc-STM32G474CTB6.dir/FreeRTOS/Source/list.c.obj
 .ARM.attributes
                0x00000772       0x34 CMakeFiles/bldc-STM32G474CTB6.dir/FreeRTOS/Source/queue.c.obj
 .ARM.attributes
                0x000007a6       0x34 CMakeFiles/bldc-STM32G474CTB6.dir/FreeRTOS/Source/tasks.c.obj
 .ARM.attributes
                0x000007da       0x34 CMakeFiles/bldc-STM32G474CTB6.dir/FreeRTOS/Source/timers.c.obj
 .ARM.attributes
                0x0000080e       0x34 CMakeFiles/bldc-STM32G474CTB6.dir/FreeRTOS/Source/CMSIS_RTOS_V2/cmsis_os2.c.obj
 .ARM.attributes
                0x00000842       0x34 CMakeFiles/bldc-STM32G474CTB6.dir/FreeRTOS/Source/portable/MemMang/heap_4.c.obj
 .ARM.attributes
                0x00000876       0x34 CMakeFiles/bldc-STM32G474CTB6.dir/FreeRTOS/Source/portable/GCC/ARM_CM4F/port.c.obj
 .ARM.attributes
                0x000008aa       0x34 CMakeFiles/bldc-STM32G474CTB6.dir/CMSIS/system_stm32g4xx.c.obj
 .ARM.attributes
                0x000008de       0x21 CMakeFiles/bldc-STM32G474CTB6.dir/CMSIS/startup_stm32g474xx.s.obj
 .ARM.attributes
                0x000008ff       0x34 /usr/lib/gcc/arm-none-eabi/14.2.0/../../../../arm-none-eabi/lib/thumb/v7e-m+fp/hard/libc_nano.a(libc_a-memset.o)
 .ARM.attributes
                0x00000933       0x34 /usr/lib/gcc/arm-none-eabi/14.2.0/../../../../arm-none-eabi/lib/thumb/v7e-m+fp/hard/libc_nano.a(libc_a-init.o)
 .ARM.attributes
                0x00000967       0x34 /usr/lib/gcc/arm-none-eabi/14.2.0/../../../../arm-none-eabi/lib/thumb/v7e-m+fp/hard/libc_nano.a(libc_a-memcpy-stub.o)
 .ARM.attributes
                0x0000099b       0x22 /usr/lib/gcc/arm-none-eabi/14.2.0/thumb/v7e-m+fp/hard/libgcc.a(_aeabi_uldivmod.o)
 .ARM.attributes
                0x000009bd       0x34 /usr/lib/gcc/arm-none-eabi/14.2.0/thumb/v7e-m+fp/hard/libgcc.a(_udivmoddi4.o)
 .ARM.attributes
                0x000009f1       0x22 /usr/lib/gcc/arm-none-eabi/14.2.0/thumb/v7e-m+fp/hard/libgcc.a(_dvmd_tls.o)
 .ARM.attributes
                0x00000a13       0x22 /usr/lib/gcc/arm-none-eabi/14.2.0/thumb/v7e-m+fp/hard/crtn.o

.comment        0x00000000       0x1e
 .comment       0x00000000       0x1e CMakeFiles/bldc-STM32G474CTB6.dir/Core/Src/main.c.obj
                                 0x1f (size before relaxing)
 .comment       0x0000001e       0x1f CMakeFiles/bldc-STM32G474CTB6.dir/Core/Src/gpio.c.obj
 .comment       0x0000001e       0x1f CMakeFiles/bldc-STM32G474CTB6.dir/Core/Src/app_freertos.c.obj
 .comment       0x0000001e       0x1f CMakeFiles/bldc-STM32G474CTB6.dir/Core/Src/adc.c.obj
 .comment       0x0000001e       0x1f CMakeFiles/bldc-STM32G474CTB6.dir/Core/Src/fdcan.c.obj
 .comment       0x0000001e       0x1f CMakeFiles/bldc-STM32G474CTB6.dir/Core/Src/i2c.c.obj
 .comment       0x0000001e       0x1f CMakeFiles/bldc-STM32G474CTB6.dir/Core/Src/opamp.c.obj
 .comment       0x0000001e       0x1f CMakeFiles/bldc-STM32G474CTB6.dir/Core/Src/spi.c.obj
 .comment       0x0000001e       0x1f CMakeFiles/bldc-STM32G474CTB6.dir/Core/Src/tim.c.obj
 .comment       0x0000001e       0x1f CMakeFiles/bldc-STM32G474CTB6.dir/Core/Src/usart.c.obj
 .comment       0x0000001e       0x1f CMakeFiles/bldc-STM32G474CTB6.dir/Core/Src/usb.c.obj
 .comment       0x0000001e       0x1f CMakeFiles/bldc-STM32G474CTB6.dir/Core/Src/stm32g4xx_it.c.obj
 .comment       0x0000001e       0x1f CMakeFiles/bldc-STM32G474CTB6.dir/Core/Src/stm32g4xx_hal_msp.c.obj
 .comment       0x0000001e       0x1f CMakeFiles/bldc-STM32G474CTB6.dir/Core/Src/stm32g4xx_hal_timebase_tim.c.obj
 .comment       0x0000001e       0x1f CMakeFiles/bldc-STM32G474CTB6.dir/STM32G4xx_HAL_Driver/Src/stm32g4xx_hal_tim.c.obj
 .comment       0x0000001e       0x1f CMakeFiles/bldc-STM32G474CTB6.dir/STM32G4xx_HAL_Driver/Src/stm32g4xx_hal_tim_ex.c.obj
 .comment       0x0000001e       0x1f CMakeFiles/bldc-STM32G474CTB6.dir/STM32G4xx_HAL_Driver/Src/stm32g4xx_hal_adc.c.obj
 .comment       0x0000001e       0x1f CMakeFiles/bldc-STM32G474CTB6.dir/STM32G4xx_HAL_Driver/Src/stm32g4xx_hal_adc_ex.c.obj
 .comment       0x0000001e       0x1f CMakeFiles/bldc-STM32G474CTB6.dir/STM32G4xx_HAL_Driver/Src/stm32g4xx_hal.c.obj
 .comment       0x0000001e       0x1f CMakeFiles/bldc-STM32G474CTB6.dir/STM32G4xx_HAL_Driver/Src/stm32g4xx_hal_rcc.c.obj
 .comment       0x0000001e       0x1f CMakeFiles/bldc-STM32G474CTB6.dir/STM32G4xx_HAL_Driver/Src/stm32g4xx_hal_rcc_ex.c.obj
 .comment       0x0000001e       0x1f CMakeFiles/bldc-STM32G474CTB6.dir/STM32G4xx_HAL_Driver/Src/stm32g4xx_hal_gpio.c.obj
 .comment       0x0000001e       0x1f CMakeFiles/bldc-STM32G474CTB6.dir/STM32G4xx_HAL_Driver/Src/stm32g4xx_hal_pwr_ex.c.obj
 .comment       0x0000001e       0x1f CMakeFiles/bldc-STM32G474CTB6.dir/STM32G4xx_HAL_Driver/Src/stm32g4xx_hal_cortex.c.obj
 .comment       0x0000001e       0x1f CMakeFiles/bldc-STM32G474CTB6.dir/STM32G4xx_HAL_Driver/Src/stm32g4xx_hal_fdcan.c.obj
 .comment       0x0000001e       0x1f CMakeFiles/bldc-STM32G474CTB6.dir/STM32G4xx_HAL_Driver/Src/stm32g4xx_hal_i2c.c.obj
 .comment       0x0000001e       0x1f CMakeFiles/bldc-STM32G474CTB6.dir/STM32G4xx_HAL_Driver/Src/stm32g4xx_hal_i2c_ex.c.obj
 .comment       0x0000001e       0x1f CMakeFiles/bldc-STM32G474CTB6.dir/STM32G4xx_HAL_Driver/Src/stm32g4xx_hal_opamp.c.obj
 .comment       0x0000001e       0x1f CMakeFiles/bldc-STM32G474CTB6.dir/STM32G4xx_HAL_Driver/Src/stm32g4xx_hal_spi.c.obj
 .comment       0x0000001e       0x1f CMakeFiles/bldc-STM32G474CTB6.dir/STM32G4xx_HAL_Driver/Src/stm32g4xx_hal_uart.c.obj
 .comment       0x0000001e       0x1f CMakeFiles/bldc-STM32G474CTB6.dir/STM32G4xx_HAL_Driver/Src/stm32g4xx_hal_uart_ex.c.obj
 .comment       0x0000001e       0x1f CMakeFiles/bldc-STM32G474CTB6.dir/STM32G4xx_HAL_Driver/Src/stm32g4xx_hal_pcd.c.obj
 .comment       0x0000001e       0x1f CMakeFiles/bldc-STM32G474CTB6.dir/STM32G4xx_HAL_Driver/Src/stm32g4xx_hal_pcd_ex.c.obj
 .comment       0x0000001e       0x1f CMakeFiles/bldc-STM32G474CTB6.dir/STM32G4xx_HAL_Driver/Src/stm32g4xx_ll_usb.c.obj
 .comment       0x0000001e       0x1f CMakeFiles/bldc-STM32G474CTB6.dir/FreeRTOS/Source/list.c.obj
 .comment       0x0000001e       0x1f CMakeFiles/bldc-STM32G474CTB6.dir/FreeRTOS/Source/queue.c.obj
 .comment       0x0000001e       0x1f CMakeFiles/bldc-STM32G474CTB6.dir/FreeRTOS/Source/tasks.c.obj
 .comment       0x0000001e       0x1f CMakeFiles/bldc-STM32G474CTB6.dir/FreeRTOS/Source/timers.c.obj
 .comment       0x0000001e       0x1f CMakeFiles/bldc-STM32G474CTB6.dir/FreeRTOS/Source/CMSIS_RTOS_V2/cmsis_os2.c.obj
 .comment       0x0000001e       0x1f CMakeFiles/bldc-STM32G474CTB6.dir/FreeRTOS/Source/portable/MemMang/heap_4.c.obj
 .comment       0x0000001e       0x1f CMakeFiles/bldc-STM32G474CTB6.dir/FreeRTOS/Source/portable/GCC/ARM_CM4F/port.c.obj
 .comment       0x0000001e       0x1f CMakeFiles/bldc-STM32G474CTB6.dir/CMSIS/system_stm32g4xx.c.obj
 .comment       0x0000001e       0x1f /usr/lib/gcc/arm-none-eabi/14.2.0/../../../../arm-none-eabi/lib/thumb/v7e-m+fp/hard/libc_nano.a(libc_a-memset.o)
 .comment       0x0000001e       0x1f /usr/lib/gcc/arm-none-eabi/14.2.0/../../../../arm-none-eabi/lib/thumb/v7e-m+fp/hard/libc_nano.a(libc_a-init.o)
 .comment       0x0000001e       0x1f /usr/lib/gcc/arm-none-eabi/14.2.0/../../../../arm-none-eabi/lib/thumb/v7e-m+fp/hard/libc_nano.a(libc_a-memcpy-stub.o)
 .comment       0x0000001e       0x1f /usr/lib/gcc/arm-none-eabi/14.2.0/thumb/v7e-m+fp/hard/libgcc.a(_udivmoddi4.o)

.debug_info     0x00000000    0x2f258
 .debug_info    0x00000000      0xb00 CMakeFiles/bldc-STM32G474CTB6.dir/Core/Src/main.c.obj
 .debug_info    0x00000b00      0x47f CMakeFiles/bldc-STM32G474CTB6.dir/Core/Src/gpio.c.obj
 .debug_info    0x00000f7f      0x38d CMakeFiles/bldc-STM32G474CTB6.dir/Core/Src/app_freertos.c.obj
 .debug_info    0x0000130c      0xfe7 CMakeFiles/bldc-STM32G474CTB6.dir/Core/Src/adc.c.obj
 .debug_info    0x000022f3      0xb60 CMakeFiles/bldc-STM32G474CTB6.dir/Core/Src/fdcan.c.obj
 .debug_info    0x00002e53      0xcc0 CMakeFiles/bldc-STM32G474CTB6.dir/Core/Src/i2c.c.obj
 .debug_info    0x00003b13      0x720 CMakeFiles/bldc-STM32G474CTB6.dir/Core/Src/opamp.c.obj
 .debug_info    0x00004233      0xaf6 CMakeFiles/bldc-STM32G474CTB6.dir/Core/Src/spi.c.obj
 .debug_info    0x00004d29      0xec7 CMakeFiles/bldc-STM32G474CTB6.dir/Core/Src/tim.c.obj
 .debug_info    0x00005bf0      0xdfd CMakeFiles/bldc-STM32G474CTB6.dir/Core/Src/usart.c.obj
 .debug_info    0x000069ed      0x9a0 CMakeFiles/bldc-STM32G474CTB6.dir/Core/Src/usb.c.obj
 .debug_info    0x0000738d      0x841 CMakeFiles/bldc-STM32G474CTB6.dir/Core/Src/stm32g4xx_it.c.obj
 .debug_info    0x00007bce      0x5a6 CMakeFiles/bldc-STM32G474CTB6.dir/Core/Src/stm32g4xx_hal_msp.c.obj
 .debug_info    0x00008174      0xe78 CMakeFiles/bldc-STM32G474CTB6.dir/Core/Src/stm32g4xx_hal_timebase_tim.c.obj
 .debug_info    0x00008fec     0x2c52 CMakeFiles/bldc-STM32G474CTB6.dir/STM32G4xx_HAL_Driver/Src/stm32g4xx_hal_tim.c.obj
 .debug_info    0x0000bc3e     0x1d95 CMakeFiles/bldc-STM32G474CTB6.dir/STM32G4xx_HAL_Driver/Src/stm32g4xx_hal_tim_ex.c.obj
 .debug_info    0x0000d9d3     0x2063 CMakeFiles/bldc-STM32G474CTB6.dir/STM32G4xx_HAL_Driver/Src/stm32g4xx_hal_adc.c.obj
 .debug_info    0x0000fa36     0x1d80 CMakeFiles/bldc-STM32G474CTB6.dir/STM32G4xx_HAL_Driver/Src/stm32g4xx_hal_adc_ex.c.obj
 .debug_info    0x000117b6      0xb95 CMakeFiles/bldc-STM32G474CTB6.dir/STM32G4xx_HAL_Driver/Src/stm32g4xx_hal.c.obj
 .debug_info    0x0001234b      0xbe0 CMakeFiles/bldc-STM32G474CTB6.dir/STM32G4xx_HAL_Driver/Src/stm32g4xx_hal_rcc.c.obj
 .debug_info    0x00012f2b      0xc45 CMakeFiles/bldc-STM32G474CTB6.dir/STM32G4xx_HAL_Driver/Src/stm32g4xx_hal_rcc_ex.c.obj
 .debug_info    0x00013b70      0x763 CMakeFiles/bldc-STM32G474CTB6.dir/STM32G4xx_HAL_Driver/Src/stm32g4xx_hal_gpio.c.obj
 .debug_info    0x000142d3      0x93f CMakeFiles/bldc-STM32G474CTB6.dir/STM32G4xx_HAL_Driver/Src/stm32g4xx_hal_pwr_ex.c.obj
 .debug_info    0x00014c12      0xdf9 CMakeFiles/bldc-STM32G474CTB6.dir/STM32G4xx_HAL_Driver/Src/stm32g4xx_hal_cortex.c.obj
 .debug_info    0x00015a0b     0x18bb CMakeFiles/bldc-STM32G474CTB6.dir/STM32G4xx_HAL_Driver/Src/stm32g4xx_hal_fdcan.c.obj
 .debug_info    0x000172c6     0x21ea CMakeFiles/bldc-STM32G474CTB6.dir/STM32G4xx_HAL_Driver/Src/stm32g4xx_hal_i2c.c.obj
 .debug_info    0x000194b0      0xad6 CMakeFiles/bldc-STM32G474CTB6.dir/STM32G4xx_HAL_Driver/Src/stm32g4xx_hal_i2c_ex.c.obj
 .debug_info    0x00019f86      0x76a CMakeFiles/bldc-STM32G474CTB6.dir/STM32G4xx_HAL_Driver/Src/stm32g4xx_hal_opamp.c.obj
 .debug_info    0x0001a6f0     0x1677 CMakeFiles/bldc-STM32G474CTB6.dir/STM32G4xx_HAL_Driver/Src/stm32g4xx_hal_spi.c.obj
 .debug_info    0x0001bd67     0x481e CMakeFiles/bldc-STM32G474CTB6.dir/STM32G4xx_HAL_Driver/Src/stm32g4xx_hal_uart.c.obj
 .debug_info    0x00020585      0xfdd CMakeFiles/bldc-STM32G474CTB6.dir/STM32G4xx_HAL_Driver/Src/stm32g4xx_hal_uart_ex.c.obj
 .debug_info    0x00021562     0x1610 CMakeFiles/bldc-STM32G474CTB6.dir/STM32G4xx_HAL_Driver/Src/stm32g4xx_hal_pcd.c.obj
 .debug_info    0x00022b72      0x80a CMakeFiles/bldc-STM32G474CTB6.dir/STM32G4xx_HAL_Driver/Src/stm32g4xx_hal_pcd_ex.c.obj
 .debug_info    0x0002337c     0x1577 CMakeFiles/bldc-STM32G474CTB6.dir/STM32G4xx_HAL_Driver/Src/stm32g4xx_ll_usb.c.obj
 .debug_info    0x000248f3      0x2af CMakeFiles/bldc-STM32G474CTB6.dir/FreeRTOS/Source/list.c.obj
 .debug_info    0x00024ba2     0x1b79 CMakeFiles/bldc-STM32G474CTB6.dir/FreeRTOS/Source/queue.c.obj
 .debug_info    0x0002671b     0x21ec CMakeFiles/bldc-STM32G474CTB6.dir/FreeRTOS/Source/tasks.c.obj
 .debug_info    0x00028907     0x1488 CMakeFiles/bldc-STM32G474CTB6.dir/FreeRTOS/Source/timers.c.obj
 .debug_info    0x00029d8f     0x3ae9 CMakeFiles/bldc-STM32G474CTB6.dir/FreeRTOS/Source/CMSIS_RTOS_V2/cmsis_os2.c.obj
 .debug_info    0x0002d878      0x4d5 CMakeFiles/bldc-STM32G474CTB6.dir/FreeRTOS/Source/portable/MemMang/heap_4.c.obj
 .debug_info    0x0002dd4d      0x4de CMakeFiles/bldc-STM32G474CTB6.dir/FreeRTOS/Source/portable/GCC/ARM_CM4F/port.c.obj
 .debug_info    0x0002e22b      0x58e CMakeFiles/bldc-STM32G474CTB6.dir/CMSIS/system_stm32g4xx.c.obj
 .debug_info    0x0002e7b9       0x30 CMakeFiles/bldc-STM32G474CTB6.dir/CMSIS/startup_stm32g474xx.s.obj
 .debug_info    0x0002e7e9       0xe0 /usr/lib/gcc/arm-none-eabi/14.2.0/../../../../arm-none-eabi/lib/thumb/v7e-m+fp/hard/libc_nano.a(libc_a-memset.o)
 .debug_info    0x0002e8c9      0x10b /usr/lib/gcc/arm-none-eabi/14.2.0/../../../../arm-none-eabi/lib/thumb/v7e-m+fp/hard/libc_nano.a(libc_a-init.o)
 .debug_info    0x0002e9d4      0x121 /usr/lib/gcc/arm-none-eabi/14.2.0/../../../../arm-none-eabi/lib/thumb/v7e-m+fp/hard/libc_nano.a(libc_a-memcpy-stub.o)
 .debug_info    0x0002eaf5       0x24 /usr/lib/gcc/arm-none-eabi/14.2.0/thumb/v7e-m+fp/hard/libgcc.a(_aeabi_uldivmod.o)
 .debug_info    0x0002eb19      0x703 /usr/lib/gcc/arm-none-eabi/14.2.0/thumb/v7e-m+fp/hard/libgcc.a(_udivmoddi4.o)
 .debug_info    0x0002f21c       0x3c /usr/lib/gcc/arm-none-eabi/14.2.0/thumb/v7e-m+fp/hard/libgcc.a(_dvmd_tls.o)

.debug_abbrev   0x00000000     0x64cd
 .debug_abbrev  0x00000000      0x25d CMakeFiles/bldc-STM32G474CTB6.dir/Core/Src/main.c.obj
 .debug_abbrev  0x0000025d      0x152 CMakeFiles/bldc-STM32G474CTB6.dir/Core/Src/gpio.c.obj
 .debug_abbrev  0x000003af      0x12c CMakeFiles/bldc-STM32G474CTB6.dir/Core/Src/app_freertos.c.obj
 .debug_abbrev  0x000004db      0x1f5 CMakeFiles/bldc-STM32G474CTB6.dir/Core/Src/adc.c.obj
 .debug_abbrev  0x000006d0      0x1cc CMakeFiles/bldc-STM32G474CTB6.dir/Core/Src/fdcan.c.obj
 .debug_abbrev  0x0000089c      0x213 CMakeFiles/bldc-STM32G474CTB6.dir/Core/Src/i2c.c.obj
 .debug_abbrev  0x00000aaf      0x1d5 CMakeFiles/bldc-STM32G474CTB6.dir/Core/Src/opamp.c.obj
 .debug_abbrev  0x00000c84      0x1f6 CMakeFiles/bldc-STM32G474CTB6.dir/Core/Src/spi.c.obj
 .debug_abbrev  0x00000e7a      0x253 CMakeFiles/bldc-STM32G474CTB6.dir/Core/Src/tim.c.obj
 .debug_abbrev  0x000010cd      0x213 CMakeFiles/bldc-STM32G474CTB6.dir/Core/Src/usart.c.obj
 .debug_abbrev  0x000012e0      0x205 CMakeFiles/bldc-STM32G474CTB6.dir/Core/Src/usb.c.obj
 .debug_abbrev  0x000014e5      0x1ad CMakeFiles/bldc-STM32G474CTB6.dir/Core/Src/stm32g4xx_it.c.obj
 .debug_abbrev  0x00001692      0x11a CMakeFiles/bldc-STM32G474CTB6.dir/Core/Src/stm32g4xx_hal_msp.c.obj
 .debug_abbrev  0x000017ac      0x223 CMakeFiles/bldc-STM32G474CTB6.dir/Core/Src/stm32g4xx_hal_timebase_tim.c.obj
 .debug_abbrev  0x000019cf      0x2a7 CMakeFiles/bldc-STM32G474CTB6.dir/STM32G4xx_HAL_Driver/Src/stm32g4xx_hal_tim.c.obj
 .debug_abbrev  0x00001c76      0x2c5 CMakeFiles/bldc-STM32G474CTB6.dir/STM32G4xx_HAL_Driver/Src/stm32g4xx_hal_tim_ex.c.obj
 .debug_abbrev  0x00001f3b      0x2d3 CMakeFiles/bldc-STM32G474CTB6.dir/STM32G4xx_HAL_Driver/Src/stm32g4xx_hal_adc.c.obj
 .debug_abbrev  0x0000220e      0x2ee CMakeFiles/bldc-STM32G474CTB6.dir/STM32G4xx_HAL_Driver/Src/stm32g4xx_hal_adc_ex.c.obj
 .debug_abbrev  0x000024fc      0x271 CMakeFiles/bldc-STM32G474CTB6.dir/STM32G4xx_HAL_Driver/Src/stm32g4xx_hal.c.obj
 .debug_abbrev  0x0000276d      0x2c9 CMakeFiles/bldc-STM32G474CTB6.dir/STM32G4xx_HAL_Driver/Src/stm32g4xx_hal_rcc.c.obj
 .debug_abbrev  0x00002a36      0x258 CMakeFiles/bldc-STM32G474CTB6.dir/STM32G4xx_HAL_Driver/Src/stm32g4xx_hal_rcc_ex.c.obj
 .debug_abbrev  0x00002c8e      0x1cb CMakeFiles/bldc-STM32G474CTB6.dir/STM32G4xx_HAL_Driver/Src/stm32g4xx_hal_gpio.c.obj
 .debug_abbrev  0x00002e59      0x22c CMakeFiles/bldc-STM32G474CTB6.dir/STM32G4xx_HAL_Driver/Src/stm32g4xx_hal_pwr_ex.c.obj
 .debug_abbrev  0x00003085      0x31c CMakeFiles/bldc-STM32G474CTB6.dir/STM32G4xx_HAL_Driver/Src/stm32g4xx_hal_cortex.c.obj
 .debug_abbrev  0x000033a1      0x1e7 CMakeFiles/bldc-STM32G474CTB6.dir/STM32G4xx_HAL_Driver/Src/stm32g4xx_hal_fdcan.c.obj
 .debug_abbrev  0x00003588      0x25e CMakeFiles/bldc-STM32G474CTB6.dir/STM32G4xx_HAL_Driver/Src/stm32g4xx_hal_i2c.c.obj
 .debug_abbrev  0x000037e6      0x1c0 CMakeFiles/bldc-STM32G474CTB6.dir/STM32G4xx_HAL_Driver/Src/stm32g4xx_hal_i2c_ex.c.obj
 .debug_abbrev  0x000039a6      0x1a6 CMakeFiles/bldc-STM32G474CTB6.dir/STM32G4xx_HAL_Driver/Src/stm32g4xx_hal_opamp.c.obj
 .debug_abbrev  0x00003b4c      0x25d CMakeFiles/bldc-STM32G474CTB6.dir/STM32G4xx_HAL_Driver/Src/stm32g4xx_hal_spi.c.obj
 .debug_abbrev  0x00003da9      0x304 CMakeFiles/bldc-STM32G474CTB6.dir/STM32G4xx_HAL_Driver/Src/stm32g4xx_hal_uart.c.obj
 .debug_abbrev  0x000040ad      0x2d2 CMakeFiles/bldc-STM32G474CTB6.dir/STM32G4xx_HAL_Driver/Src/stm32g4xx_hal_uart_ex.c.obj
 .debug_abbrev  0x0000437f      0x2b9 CMakeFiles/bldc-STM32G474CTB6.dir/STM32G4xx_HAL_Driver/Src/stm32g4xx_hal_pcd.c.obj
 .debug_abbrev  0x00004638      0x228 CMakeFiles/bldc-STM32G474CTB6.dir/STM32G4xx_HAL_Driver/Src/stm32g4xx_hal_pcd_ex.c.obj
 .debug_abbrev  0x00004860      0x247 CMakeFiles/bldc-STM32G474CTB6.dir/STM32G4xx_HAL_Driver/Src/stm32g4xx_ll_usb.c.obj
 .debug_abbrev  0x00004aa7       0xf5 CMakeFiles/bldc-STM32G474CTB6.dir/FreeRTOS/Source/list.c.obj
 .debug_abbrev  0x00004b9c      0x3b6 CMakeFiles/bldc-STM32G474CTB6.dir/FreeRTOS/Source/queue.c.obj
 .debug_abbrev  0x00004f52      0x386 CMakeFiles/bldc-STM32G474CTB6.dir/FreeRTOS/Source/tasks.c.obj
 .debug_abbrev  0x000052d8      0x352 CMakeFiles/bldc-STM32G474CTB6.dir/FreeRTOS/Source/timers.c.obj
 .debug_abbrev  0x0000562a      0x520 CMakeFiles/bldc-STM32G474CTB6.dir/FreeRTOS/Source/CMSIS_RTOS_V2/cmsis_os2.c.obj
 .debug_abbrev  0x00005b4a      0x21d CMakeFiles/bldc-STM32G474CTB6.dir/FreeRTOS/Source/portable/MemMang/heap_4.c.obj
 .debug_abbrev  0x00005d67      0x25c CMakeFiles/bldc-STM32G474CTB6.dir/FreeRTOS/Source/portable/GCC/ARM_CM4F/port.c.obj
 .debug_abbrev  0x00005fc3      0x11a CMakeFiles/bldc-STM32G474CTB6.dir/CMSIS/system_stm32g4xx.c.obj
 .debug_abbrev  0x000060dd       0x24 CMakeFiles/bldc-STM32G474CTB6.dir/CMSIS/startup_stm32g474xx.s.obj
 .debug_abbrev  0x00006101       0x9e /usr/lib/gcc/arm-none-eabi/14.2.0/../../../../arm-none-eabi/lib/thumb/v7e-m+fp/hard/libc_nano.a(libc_a-memset.o)
 .debug_abbrev  0x0000619f       0xc9 /usr/lib/gcc/arm-none-eabi/14.2.0/../../../../arm-none-eabi/lib/thumb/v7e-m+fp/hard/libc_nano.a(libc_a-init.o)
 .debug_abbrev  0x00006268       0xc1 /usr/lib/gcc/arm-none-eabi/14.2.0/../../../../arm-none-eabi/lib/thumb/v7e-m+fp/hard/libc_nano.a(libc_a-memcpy-stub.o)
 .debug_abbrev  0x00006329       0x14 /usr/lib/gcc/arm-none-eabi/14.2.0/thumb/v7e-m+fp/hard/libgcc.a(_aeabi_uldivmod.o)
 .debug_abbrev  0x0000633d      0x16a /usr/lib/gcc/arm-none-eabi/14.2.0/thumb/v7e-m+fp/hard/libgcc.a(_udivmoddi4.o)
 .debug_abbrev  0x000064a7       0x26 /usr/lib/gcc/arm-none-eabi/14.2.0/thumb/v7e-m+fp/hard/libgcc.a(_dvmd_tls.o)

.debug_aranges  0x00000000     0x27e8
 .debug_aranges
                0x00000000       0x38 CMakeFiles/bldc-STM32G474CTB6.dir/Core/Src/main.c.obj
 .debug_aranges
                0x00000038       0x20 CMakeFiles/bldc-STM32G474CTB6.dir/Core/Src/gpio.c.obj
 .debug_aranges
                0x00000058       0x28 CMakeFiles/bldc-STM32G474CTB6.dir/Core/Src/app_freertos.c.obj
 .debug_aranges
                0x00000080       0x38 CMakeFiles/bldc-STM32G474CTB6.dir/Core/Src/adc.c.obj
 .debug_aranges
                0x000000b8       0x30 CMakeFiles/bldc-STM32G474CTB6.dir/Core/Src/fdcan.c.obj
 .debug_aranges
                0x000000e8       0x30 CMakeFiles/bldc-STM32G474CTB6.dir/Core/Src/i2c.c.obj
 .debug_aranges
                0x00000118       0x40 CMakeFiles/bldc-STM32G474CTB6.dir/Core/Src/opamp.c.obj
 .debug_aranges
                0x00000158       0x30 CMakeFiles/bldc-STM32G474CTB6.dir/Core/Src/spi.c.obj
 .debug_aranges
                0x00000188       0x38 CMakeFiles/bldc-STM32G474CTB6.dir/Core/Src/tim.c.obj
 .debug_aranges
                0x000001c0       0x38 CMakeFiles/bldc-STM32G474CTB6.dir/Core/Src/usart.c.obj
 .debug_aranges
                0x000001f8       0x30 CMakeFiles/bldc-STM32G474CTB6.dir/Core/Src/usb.c.obj
 .debug_aranges
                0x00000228       0x50 CMakeFiles/bldc-STM32G474CTB6.dir/Core/Src/stm32g4xx_it.c.obj
 .debug_aranges
                0x00000278       0x20 CMakeFiles/bldc-STM32G474CTB6.dir/Core/Src/stm32g4xx_hal_msp.c.obj
 .debug_aranges
                0x00000298       0x30 CMakeFiles/bldc-STM32G474CTB6.dir/Core/Src/stm32g4xx_hal_timebase_tim.c.obj
 .debug_aranges
                0x000002c8      0x3e0 CMakeFiles/bldc-STM32G474CTB6.dir/STM32G4xx_HAL_Driver/Src/stm32g4xx_hal_tim.c.obj
 .debug_aranges